Archive member included to satisfy reference by file (symbol)

/media/cvitek/jingjing.tang/temp/temp/mars3_20250829/rt-thread/components/cvi_comps/cvi_mpi/cvi_mw_audio/lib/libssp.a(cviaudio_algo_interface.o)
                              build/audio/src/aud_task.o (CviAud_Algo_Init)
/media/cvitek/jingjing.tang/temp/temp/mars3_20250829/rt-thread/components/cvi_comps/cvi_mpi/cvi_mw_audio/lib/libssp.a(cvi_ssp_interface.o)
                              /media/cvitek/jingjing.tang/temp/temp/mars3_20250829/rt-thread/components/cvi_comps/cvi_mpi/cvi_mw_audio/lib/libssp.a(cviaudio_algo_interface.o) (audio_ssp_init)
/media/cvitek/jingjing.tang/temp/temp/mars3_20250829/rt-thread/components/cvi_comps/cvi_mpi/cvi_mw_audio/lib/libssp.a(nlpaes.o)
                              /media/cvitek/jingjing.tang/temp/temp/mars3_20250829/rt-thread/components/cvi_comps/cvi_mpi/cvi_mw_audio/lib/libssp.a(cvi_ssp_interface.o) (NLP_AES_para)
/media/cvitek/jingjing.tang/temp/temp/mars3_20250829/rt-thread/components/cvi_comps/cvi_mpi/cvi_mw_audio/lib/libssp.a(notch.o)
                              /media/cvitek/jingjing.tang/temp/temp/mars3_20250829/rt-thread/components/cvi_comps/cvi_mpi/cvi_mw_audio/lib/libssp.a(cvi_ssp_interface.o) (notch_para)
/media/cvitek/jingjing.tang/temp/temp/mars3_20250829/rt-thread/components/cvi_comps/cvi_mpi/cvi_mw_audio/lib/libssp.a(nlpaes_subfun.o)
                              /media/cvitek/jingjing.tang/temp/temp/mars3_20250829/rt-thread/components/cvi_comps/cvi_mpi/cvi_mw_audio/lib/libssp.a(nlpaes.o) (filterbank_create)
/media/cvitek/jingjing.tang/temp/temp/mars3_20250829/rt-thread/components/cvi_comps/cvi_mpi/cvi_mw_audio/lib/libssp.a(agc_init.o)
                              /media/cvitek/jingjing.tang/temp/temp/mars3_20250829/rt-thread/components/cvi_comps/cvi_mpi/cvi_mw_audio/lib/libssp.a(cvi_ssp_interface.o) (AGC_init)
/media/cvitek/jingjing.tang/temp/temp/mars3_20250829/rt-thread/components/cvi_comps/cvi_mpi/cvi_mw_audio/lib/libssp.a(agc.o)
                              /media/cvitek/jingjing.tang/temp/temp/mars3_20250829/rt-thread/components/cvi_comps/cvi_mpi/cvi_mw_audio/lib/libssp.a(cvi_ssp_interface.o) (AGC)
/media/cvitek/jingjing.tang/temp/temp/mars3_20250829/rt-thread/components/cvi_comps/cvi_mpi/cvi_mw_audio/lib/libssp.a(packfft.o)
                              /media/cvitek/jingjing.tang/temp/temp/mars3_20250829/rt-thread/components/cvi_comps/cvi_mpi/cvi_mw_audio/lib/libssp.a(nlpaes.o) (speech_fft_init)
/media/cvitek/jingjing.tang/temp/temp/mars3_20250829/rt-thread/components/cvi_comps/cvi_mpi/cvi_mw_audio/lib/libssp.a(dg.o)
                              /media/cvitek/jingjing.tang/temp/temp/mars3_20250829/rt-thread/components/cvi_comps/cvi_mpi/cvi_mw_audio/lib/libssp.a(cvi_ssp_interface.o) (DG_para)
/media/cvitek/jingjing.tang/temp/temp/mars3_20250829/rt-thread/components/cvi_comps/cvi_mpi/cvi_mw_audio/lib/libssp.a(delay.o)
                              /media/cvitek/jingjing.tang/temp/temp/mars3_20250829/rt-thread/components/cvi_comps/cvi_mpi/cvi_mw_audio/lib/libssp.a(cvi_ssp_interface.o) (delay_para)
/media/cvitek/jingjing.tang/temp/temp/mars3_20250829/rt-thread/components/cvi_comps/cvi_mpi/cvi_mw_audio/lib/libssp.a(mmse_init.o)
                              /media/cvitek/jingjing.tang/temp/temp/mars3_20250829/rt-thread/components/cvi_comps/cvi_mpi/cvi_mw_audio/lib/libssp.a(cvi_ssp_interface.o) (NR_init)
/media/cvitek/jingjing.tang/temp/temp/mars3_20250829/rt-thread/components/cvi_comps/cvi_mpi/cvi_mw_audio/lib/libssp.a(mmse.o)
                              /media/cvitek/jingjing.tang/temp/temp/mars3_20250829/rt-thread/components/cvi_comps/cvi_mpi/cvi_mw_audio/lib/libssp.a(cvi_ssp_interface.o) (NR)
/media/cvitek/jingjing.tang/temp/temp/mars3_20250829/rt-thread/components/cvi_comps/cvi_mpi/cvi_mw_audio/lib/libssp.a(lpaec.o)
                              /media/cvitek/jingjing.tang/temp/temp/mars3_20250829/rt-thread/components/cvi_comps/cvi_mpi/cvi_mw_audio/lib/libssp.a(cvi_ssp_interface.o) (LP_AEC_para)
/media/cvitek/jingjing.tang/temp/temp/mars3_20250829/rt-thread/components/cvi_comps/cvi_mpi/cvi_mw_audio/lib/libssp.a(log.o)
                              /media/cvitek/jingjing.tang/temp/temp/mars3_20250829/rt-thread/components/cvi_comps/cvi_mpi/cvi_mw_audio/lib/libssp.a(mmse.o) (b_log)
/media/cvitek/jingjing.tang/temp/temp/mars3_20250829/rt-thread/components/cvi_comps/cvi_mpi/cvi_mw_audio/lib/libssp.a(dr_detection.o)
                              /media/cvitek/jingjing.tang/temp/temp/mars3_20250829/rt-thread/components/cvi_comps/cvi_mpi/cvi_mw_audio/lib/libssp.a(mmse.o) (dr_detection)
/media/cvitek/jingjing.tang/temp/temp/mars3_20250829/rt-thread/components/cvi_comps/cvi_mpi/cvi_mw_audio/lib/libssp.a(lpaec_subfun.o)
                              /media/cvitek/jingjing.tang/temp/temp/mars3_20250829/rt-thread/components/cvi_comps/cvi_mpi/cvi_mw_audio/lib/libssp.a(lpaec.o) (DC_filter)
[...]
Memory Configuration

Name             Origin             Length             Attributes
psu_ddr_0_MEM_0  0x00000000800a0000 0x0000000000100000
*default*        0x0000000000000000 0xffffffffffffffff

Linker script and memory map

LOAD build/cvi_common/cvi_tool/devmem_tool.o
LOAD build/cvi_common/drivers/drv_dma.o
LOAD build/cvi_common/drivers/drv_gpio.o
LOAD build/cvi_common/drivers/drv_pinmux.o
LOAD build/cvi_common/drivers/drv_por.o
LOAD build/cvi_common/drivers/drv_uart.o
LOAD build/cvi_common/drivers/mailbox/drv_dump_uart.o
LOAD build/cvi_common/drivers/mailbox/drv_rtoscmu.o
LOAD build/cvi_common/drivers/mailbox/drv_spinlock.o
LOAD /media/cvitek/jingjing.tang/temp/temp/mars3_20250829/rt-thread/components/cvi_comps/cvi_mpi/cvi_mw_audio/lib/libssp.a
LOAD /media/cvitek/jingjing.tang/temp/temp/mars3_20250829/rt-thread/components/cvi_comps/cvi_mpi/cvi_mw_rgn/src/cmpr_canvas.o
LOAD /media/cvitek/jingjing.tang/temp/temp/mars3_20250829/rt-thread/components/cvi_comps/cvi_mpi/cvi_mw_rgn/src/osd_cmpr.o
LOAD /media/cvitek/jingjing.tang/temp/temp/mars3_20250829/rt-thread/components/cvi_comps/cvi_mpi/cvi_mw_rgn/src/osdc.o
LOAD build/kernel/components/libc/compilers/common/cctype.o
LOAD build/kernel/components/libc/compilers/common/cstdlib.o
LOAD build/kernel/components/libc/compilers/common/cstring.o
LOAD build/kernel/components/libc/compilers/common/ctime.o
LOAD build/kernel/components/libc/compilers/common/cunistd.o
LOAD build/kernel/components/libc/compilers/common/cwchar.o
LOAD build/kernel/components/libc/compilers/newlib/syscalls.o
LOAD build/kernel/libcpu/risc-v/cvitek/c906L/cache.o
LOAD build/kernel/libcpu/risc-v/cvitek/c906L/context_gcc.o
LOAD build/kernel/libcpu/risc-v/cvitek/c906L/cpuport.o
LOAD build/kernel/libcpu/risc-v/cvitek/c906L/interrupt_gcc.o
LOAD build/kernel/libcpu/risc-v/cvitek/c906L/trap.o
LOAD build/kernel/libcpu/risc-v/cvitek/c906L/trap_common.o
LOAD build/applications/main.o
LOAD build/board/board.o
LOAD build/board/interrupt.o
LOAD build/board/start.o
LOAD build/board/tick.o
LOAD build/comm/comm_task.o
LOAD build/rgn/src/rgn_main.o
LOAD build/audio/src/aud_task.o
LOAD build/kernel/components/dfs/dfs_v1/filesystems/devfs/devfs.o
LOAD build/kernel/components/dfs/dfs_v1/src/dfs.o
LOAD build/kernel/components/dfs/dfs_v1/src/dfs_file.o
LOAD build/kernel/components/dfs/dfs_v1/src/dfs_fs.o
LOAD build/kernel/components/dfs/dfs_v1/src/dfs_posix.o
LOAD build/kernel/components/drivers/core/device.o
LOAD build/kernel/components/drivers/cputime/cputime.o
LOAD build/kernel/components/drivers/cputime/cputime_riscv.o
LOAD build/kernel/components/drivers/cputime/cputimer.o
LOAD build/kernel/components/drivers/ipc/completion_comm.o
LOAD build/kernel/components/drivers/ipc/completion_up.o
LOAD build/kernel/components/drivers/ipc/condvar.o
LOAD build/kernel/components/drivers/ipc/dataqueue.o
LOAD build/kernel/components/drivers/ipc/pipe.o
LOAD build/kernel/components/drivers/ipc/ringblk_buf.o
LOAD build/kernel/components/drivers/ipc/ringbuffer.o
LOAD build/kernel/components/drivers/ipc/waitqueue.o
LOAD build/kernel/components/drivers/ipc/workqueue.o
LOAD build/kernel/components/drivers/pin/dev_pin.o
LOAD build/kernel/components/drivers/serial/dev_serial.o
LOAD build/kernel/components/finsh/cmd.o
LOAD build/kernel/components/finsh/msh.o
LOAD build/kernel/components/finsh/msh_file.o
LOAD build/kernel/components/finsh/msh_parse.o
LOAD build/kernel/components/finsh/shell.o
LOAD build/kernel/src/clock.o
LOAD build/kernel/src/components.o
LOAD build/kernel/src/cpu_up.o
LOAD build/kernel/src/defunct.o
LOAD build/kernel/src/idle.o
LOAD build/kernel/src/ipc.o
LOAD build/kernel/src/irq.o
LOAD build/kernel/src/klibc/kerrno.o
LOAD build/kernel/src/klibc/kstdio.o
LOAD build/kernel/src/klibc/kstring.o
LOAD build/kernel/src/kservice.o
LOAD build/kernel/src/mem.o
LOAD build/kernel/src/mempool.o
LOAD build/kernel/src/object.o
LOAD build/kernel/src/scheduler_comm.o
LOAD build/kernel/src/scheduler_up.o
LOAD build/kernel/src/thread.o
LOAD build/kernel/src/timer.o
LOAD /media/cvitek/jingjing.tang/temp/temp/mars3_20250829/rt-thread/components/cvi_comps/cvi_mpi/cvi_mw_audio/lib/libssp.a
LOAD /media/cvitek/jingjing.tang/repository/host-tools/gcc/Xuantie-900-gcc-elf-newlib-x86_64-V2.8.1/bin/../lib/gcc/riscv64-unknown-elf/10.4.0/../../../../riscv64-unknown-elf/lib/rv64imafdc/lp64d/libc.a
LOAD /media/cvitek/jingjing.tang/repository/host-tools/gcc/Xuantie-900-gcc-elf-newlib-x86_64-V2.8.1/bin/../lib/gcc/riscv64-unknown-elf/10.4.0/../../../../riscv64-unknown-elf/lib/rv64imafdc/lp64d/libm.a
LOAD /media/cvitek/jingjing.tang/repository/host-tools/gcc/Xuantie-900-gcc-elf-newlib-x86_64-V2.8.1/bin/../lib/gcc/riscv64-unknown-elf/10.4.0/rv64imafdc/lp64d/libgcc.a
START GROUP
LOAD /media/cvitek/jingjing.tang/repository/host-tools/gcc/Xuantie-900-gcc-elf-newlib-x86_64-V2.8.1/bin/../lib/gcc/riscv64-unknown-elf/10.4.0/../../../../riscv64-unknown-elf/lib/rv64imafdc/lp64d/libc.a
LOAD /media/cvitek/jingjing.tang/repository/host-tools/gcc/Xuantie-900-gcc-elf-newlib-x86_64-V2.8.1/bin/../lib/gcc/riscv64-unknown-elf/10.4.0/../../../../riscv64-unknown-elf/lib/rv64imafdc/lp64d/libgloss.a
END GROUP
LOAD /media/cvitek/jingjing.tang/repository/host-tools/gcc/Xuantie-900-gcc-elf-newlib-x86_64-V2.8.1/bin/../lib/gcc/riscv64-unknown-elf/10.4.0/rv64imafdc/lp64d/libgcc.a
                0x0000000083800000                CONFIG_SYS_TEXT_BASE = 0x83800000
                0x00000000000a0000                CVIMMAP_ATF_SIZE = 0xa0000
                0x000000008fe3e000                CVIMMAP_BOOTLOGO_ADDR = 0x8fe3e000
                0x00000000001c2000                CVIMMAP_BOOTLOGO_SIZE = 0x1c2000
                0x0000000083500000                CVIMMAP_CONFIG_SYS_INIT_SP_ADDR = 0x83500000
                0x00000000813ff800                CVIMMAP_CVI_MMC_SKIP_TUNING_ADDR = 0x813ff800
                0x0000000000000400                CVIMMAP_CVI_MMC_SKIP_TUNING_SIZE = 0x400
                0x00000000813ffc00                CVIMMAP_CVI_UPDATE_HEADER_ADDR = 0x813ffc00
                0x0000000000000400                CVIMMAP_CVI_UPDATE_HEADER_SIZE = 0x400
                0x0000000080000000                CVIMMAP_DRAM_BASE = 0x80000000
                0x0000000010000000                CVIMMAP_DRAM_SIZE = 0x10000000
                0x0000000000100000                CVIMMAP_FREERTOS_SYS_SIZE = 0x100000
                0x00000000800a0000                CVIMMAP_FSBL_C906L_START_ADDR = 0x800a0000
                0x0000000081400000                CVIMMAP_FSBL_UNZIP_ADDR = 0x81400000
                0x0000000000400000                CVIMMAP_FSBL_UNZIP_SIZE = 0x400000
                0x000000008b500000                CVIMMAP_H26X_BITSTREAM_ADDR = 0x8b500000
                0x0000000000000000                CVIMMAP_H26X_BITSTREAM_SIZE = 0x0
                0x000000008b500000                CVIMMAP_H26X_ENC_BUFF_ADDR = 0x8b500000
                0x0000000000000000                CVIMMAP_H26X_ENC_BUFF_SIZE = 0x0
                0x000000008b500000                CVIMMAP_ION_ADDR = 0x8b500000
                0x0000000004b00000                CVIMMAP_ION_SIZE = 0x4b00000
                0x000000008b500000                CVIMMAP_ISP_MEM_BASE_ADDR = 0x8b500000
                0x0000000000000000                CVIMMAP_ISP_MEM_BASE_SIZE = 0x0
                0x0000000080000000                CVIMMAP_KERNEL_MEMORY_ADDR = 0x80000000
                0x0000000010000000                CVIMMAP_KERNEL_MEMORY_SIZE = 0x10000000
                0x0000000080000000                CVIMMAP_MONITOR_ADDR = 0x80000000
                0x00000000800a0000                CVIMMAP_OPENSBI_FDT_ADDR = 0x800a0000
                0x00000000000a0000                CVIMMAP_OPENSBI_SIZE = 0xa0000
                0x0000000080100000                CVIMMAP_PQBIN_ADDR = 0x80100000
                0x0000000000080000                CVIMMAP_PQBIN_SIZE = 0x80000
                0x0000000081ea0000                CVIMMAP_RTOS_COMPRESS_BIN_ADDR = 0x81ea0000
                0x0000000090000000                CVIMMAP_RTOS_ION_ADDR = 0x90000000
                0x0000000000000000                CVIMMAP_RTOS_ION_SIZE = 0x0
                0x00000000801a0000                CVIMMAP_RTOS_LOGO_ADDR = 0x801a0000
                0x00000000800a0000                CVIMMAP_RTOS_LOG_ADDR = 0x800a0000
                0x0000000000020000                CVIMMAP_RTOS_LOG_SIZE = 0x20000
                0x0000000000000000                CVIMMAP_RTOS_SYS_SIZE = 0x0
                0x0000000000100000                CVIMMAP_RTOS_SYS_TOTAL_SIZE = 0x100000
                0x00000000800c0000                CVIMMAP_SHARE_MEM_ADDR = 0x800c0000
                0x0000000000020000                CVIMMAP_SHARE_MEM_SIZE = 0x20000
                0x00000000800e0000                CVIMMAP_SHARE_PARAM_ADDR = 0x800e0000
                0x00000000800f0000                CVIMMAP_SHARE_PARAM_ADDR_BAK = 0x800f0000
                0x0000000000010000                CVIMMAP_SHARE_PARAM_SIZE = 0x10000
                0x00000000812ffc00                CVIMMAP_SPL_FDT_ADDR = 0x812ffc00
                0x0000000000100000                CVIMMAP_SPL_FDT_SIZE = 0x100000
                0x0000000081400000                CVIMMAP_UIMAG_ADDR = 0x81400000
                0x0000000000400000                CVIMMAP_UIMAG_SIZE = 0x400000
                0x0000000000020000                _STACK_SIZE = DEFINED (_STACK_SIZE)?_STACK_SIZE:0x20000
                0x0000000000000400                _EL0_STACK_SIZE = DEFINED (_EL0_STACK_SIZE)?_EL0_STACK_SIZE:0x400
                0x0000000000000800                _EL1_STACK_SIZE = DEFINED (_EL1_STACK_SIZE)?_EL1_STACK_SIZE:0x800
                0x0000000000000400                _EL2_STACK_SIZE = DEFINED (_EL2_STACK_SIZE)?_EL2_STACK_SIZE:0x400

.text           0x00000000800a0000    0x27eb0
 *(.vectors)
 .vectors       0x00000000800a0000      0x104 build/board/start.o
                0x00000000800a0000                _start
 *(.boot)
 *(.text)
 .text          0x00000000800a0104      0x154 build/kernel/libcpu/risc-v/cvitek/c906L/context_gcc.o
                0x00000000800a0104                rt_hw_interrupt_disable
                0x00000000800a010a                rt_hw_interrupt_enable
                0x00000000800a0110                rt_hw_context_switch_to
                0x00000000800a0128                rt_hw_context_switch
                0x00000000800a01c0                rt_hw_context_switch_exit
 .text          0x00000000800a0258       0x28 /media/cvitek/jingjing.tang/repository/host-tools/gcc/Xuantie-900-gcc-elf-newlib-x86_64-V2.8.1/bin/../lib/gcc/riscv64-unknown-elf/10.4.0/../../../../riscv64-unknown-elf/lib/rv64imafdc/lp64d/libc.a(lib_a-atoi.o)
                0x00000000800a0258                atoi
                0x00000000800a026c                _atoi_r
 .text          0x00000000800a0280       0x12 /media/cvitek/jingjing.tang/repository/host-tools/gcc/Xuantie-900-gcc-elf-newlib-x86_64-V2.8.1/bin/../lib/gcc/riscv64-unknown-elf/10.4.0/../../../../riscv64-unknown-elf/lib/rv64imafdc/lp64d/libc.a(lib_a-calloc.o)
                0x00000000800a0280                calloc
 .text          0x00000000800a0292       0x1c /media/cvitek/jingjing.tang/repository/host-tools/gcc/Xuantie-900-gcc-elf-newlib-x86_64-V2.8.1/bin/../lib/gcc/riscv64-unknown-elf/10.4.0/../../../../riscv64-unknown-elf/lib/rv64imafdc/lp64d/libc.a(lib_a-malloc.o)
                0x00000000800a0292                malloc
                0x00000000800a02a0                free
 .text          0x00000000800a02ae       0x52 /media/cvitek/jingjing.tang/repository/host-tools/gcc/Xuantie-900-gcc-elf-newlib-x86_64-V2.8.1/bin/../lib/gcc/riscv64-unknown-elf/10.4.0/../../../../riscv64-unknown-elf/lib/rv64imafdc/lp64d/libc.a(lib_a-memcmp.o)
                0x00000000800a02ae                memcmp
 .text          0x00000000800a0300       0xbe /media/cvitek/jingjing.tang/repository/host-tools/gcc/Xuantie-900-gcc-elf-newlib-x86_64-V2.8.1/bin/../lib/gcc/riscv64-unknown-elf/10.4.0/../../../../riscv64-unknown-elf/lib/rv64imafdc/lp64d/libc.a(lib_a-memcpy-asm.o)
                0x00000000800a0300                memcpy
 .text          0x00000000800a03be       0xd6 /media/cvitek/jingjing.tang/repository/host-tools/gcc/Xuantie-900-gcc-elf-newlib-x86_64-V2.8.1/bin/../lib/gcc/riscv64-unknown-elf/10.4.0/../../../../riscv64-unknown-elf/lib/rv64imafdc/lp64d/libc.a(lib_a-memmove-stub.o)
                0x00000000800a03be                memmove
 *fill*         0x00000000800a0494        0x0 
 .text          0x00000000800a0494       0xaa /media/cvitek/jingjing.tang/repository/host-tools/gcc/Xuantie-900-gcc-elf-newlib-x86_64-V2.8.1/bin/../lib/gcc/riscv64-unknown-elf/10.4.0/../../../../riscv64-unknown-elf/lib/rv64imafdc/lp64d/libc.a(lib_a-memset.o)
                0x00000000800a0494                memset
 .text          0x00000000800a053e       0x52 /media/cvitek/jingjing.tang/repository/host-tools/gcc/Xuantie-900-gcc-elf-newlib-x86_64-V2.8.1/bin/../lib/gcc/riscv64-unknown-elf/10.4.0/../../../../riscv64-unknown-elf/lib/rv64imafdc/lp64d/libc.a(lib_a-printf.o)
                0x00000000800a053e                _printf_r
                0x00000000800a0560                printf
 .text          0x00000000800a0590       0x90 /media/cvitek/jingjing.tang/repository/host-tools/gcc/Xuantie-900-gcc-elf-newlib-x86_64-V2.8.1/bin/../lib/gcc/riscv64-unknown-elf/10.4.0/../../../../riscv64-unknown-elf/lib/rv64imafdc/lp64d/libc.a(lib_a-sprintf.o)
                0x00000000800a0590                _sprintf_r
                0x00000000800a05d2                sprintf
 .text          0x00000000800a0620       0x5a /media/cvitek/jingjing.tang/repository/host-tools/gcc/Xuantie-900-gcc-elf-newlib-x86_64-V2.8.1/bin/../lib/gcc/riscv64-unknown-elf/10.4.0/../../../../riscv64-unknown-elf/lib/rv64imafdc/lp64d/libc.a(lib_a-strcat.o)
                0x00000000800a0620                strcat
 .text          0x00000000800a067a       0xf6 /media/cvitek/jingjing.tang/repository/host-tools/gcc/Xuantie-900-gcc-elf-newlib-x86_64-V2.8.1/bin/../lib/gcc/riscv64-unknown-elf/10.4.0/../../../../riscv64-unknown-elf/lib/rv64imafdc/lp64d/libc.a(lib_a-strchr.o)
                0x00000000800a067a                strchr
 *fill*         0x00000000800a0770        0x0 
 .text          0x00000000800a0770       0xea /media/cvitek/jingjing.tang/repository/host-tools/gcc/Xuantie-900-gcc-elf-newlib-x86_64-V2.8.1/bin/../lib/gcc/riscv64-unknown-elf/10.4.0/../../../../riscv64-unknown-elf/lib/rv64imafdc/lp64d/libc.a(lib_a-strcmp.o)
                0x00000000800a0770                strcmp
 *fill*         0x00000000800a085a        0x2 
 .text          0x00000000800a085c       0xa2 /media/cvitek/jingjing.tang/repository/host-tools/gcc/Xuantie-900-gcc-elf-newlib-x86_64-V2.8.1/bin/../lib/gcc/riscv64-unknown-elf/10.4.0/../../../../riscv64-unknown-elf/lib/rv64imafdc/lp64d/libc.a(lib_a-strcpy.o)
                0x00000000800a085c                strcpy
 *fill*         0x00000000800a08fe        0x2 
 .text          0x00000000800a0900       0x96 /media/cvitek/jingjing.tang/repository/host-tools/gcc/Xuantie-900-gcc-elf-newlib-x86_64-V2.8.1/bin/../lib/gcc/riscv64-unknown-elf/10.4.0/../../../../riscv64-unknown-elf/lib/rv64imafdc/lp64d/libc.a(lib_a-strlen.o)
                0x00000000800a0900                strlen
 .text          0x00000000800a0996       0x94 /media/cvitek/jingjing.tang/repository/host-tools/gcc/Xuantie-900-gcc-elf-newlib-x86_64-V2.8.1/bin/../lib/gcc/riscv64-unknown-elf/10.4.0/../../../../riscv64-unknown-elf/lib/rv64imafdc/lp64d/libc.a(lib_a-strncmp.o)
                0x00000000800a0996                strncmp
 .text          0x00000000800a0a2a       0x7a /media/cvitek/jingjing.tang/repository/host-tools/gcc/Xuantie-900-gcc-elf-newlib-x86_64-V2.8.1/bin/../lib/gcc/riscv64-unknown-elf/10.4.0/../../../../riscv64-unknown-elf/lib/rv64imafdc/lp64d/libc.a(lib_a-strncpy.o)
                0x00000000800a0a2a                strncpy
 .text          0x00000000800a0aa4       0x30 /media/cvitek/jingjing.tang/repository/host-tools/gcc/Xuantie-900-gcc-elf-newlib-x86_64-V2.8.1/bin/../lib/gcc/riscv64-unknown-elf/10.4.0/../../../../riscv64-unknown-elf/lib/rv64imafdc/lp64d/libc.a(lib_a-strrchr.o)
                0x00000000800a0aa4                strrchr
 .text          0x00000000800a0ad4      0x4d0 /media/cvitek/jingjing.tang/repository/host-tools/gcc/Xuantie-900-gcc-elf-newlib-x86_64-V2.8.1/bin/../lib/gcc/riscv64-unknown-elf/10.4.0/../../../../riscv64-unknown-elf/lib/rv64imafdc/lp64d/libc.a(lib_a-strstr.o)
                0x00000000800a0dd0                strstr
 .text          0x00000000800a0fa4      0x1de /media/cvitek/jingjing.tang/repository/host-tools/gcc/Xuantie-900-gcc-elf-newlib-x86_64-V2.8.1/bin/../lib/gcc/riscv64-unknown-elf/10.4.0/../../../../riscv64-unknown-elf/lib/rv64imafdc/lp64d/libc.a(lib_a-strtol.o)
                0x00000000800a10f6                _strtol_r
                0x00000000800a111a                strtol_l
                0x00000000800a114e                strtol
 .text          0x00000000800a1182      0x190 /media/cvitek/jingjing.tang/repository/host-tools/gcc/Xuantie-900-gcc-elf-newlib-x86_64-V2.8.1/bin/../lib/gcc/riscv64-unknown-elf/10.4.0/../../../../riscv64-unknown-elf/lib/rv64imafdc/lp64d/libc.a(lib_a-strtoul.o)
                0x00000000800a12ec                _strtoul_r
                0x00000000800a12ee                strtoul_l
                0x00000000800a1300                strtoul
 .text          0x00000000800a1312     0x1afa /media/cvitek/jingjing.tang/repository/host-tools/gcc/Xuantie-900-gcc-elf-newlib-x86_64-V2.8.1/bin/../lib/gcc/riscv64-unknown-elf/10.4.0/../../../../riscv64-unknown-elf/lib/rv64imafdc/lp64d/libc.a(lib_a-svfprintf.o)
                0x00000000800a1312                _svfprintf_r
 .text          0x00000000800a2e0c     0x1c7a /media/cvitek/jingjing.tang/repository/host-tools/gcc/Xuantie-900-gcc-elf-newlib-x86_64-V2.8.1/bin/../lib/gcc/riscv64-unknown-elf/10.4.0/../../../../riscv64-unknown-elf/lib/rv64imafdc/lp64d/libc.a(lib_a-vfprintf.o)
                0x00000000800a2e0c                _vfprintf_r
                0x00000000800a49c2                vfprintf
 .text          0x00000000800a4a86       0xfc /media/cvitek/jingjing.tang/repository/host-tools/gcc/Xuantie-900-gcc-elf-newlib-x86_64-V2.8.1/bin/../lib/gcc/riscv64-unknown-elf/10.4.0/../../../../riscv64-unknown-elf/lib/rv64imafdc/lp64d/libc.a(lib_a-wsetup.o)
                0x00000000800a4a86                __swsetup_r
 .text          0x00000000800a4b82      0x2a4 /media/cvitek/jingjing.tang/repository/host-tools/gcc/Xuantie-900-gcc-elf-newlib-x86_64-V2.8.1/bin/../lib/gcc/riscv64-unknown-elf/10.4.0/../../../../riscv64-unknown-elf/lib/rv64imafdc/lp64d/libc.a(lib_a-fflush.o)
                0x00000000800a4b82                __sflush_r
                0x00000000800a4d14                _fflush_r
                0x00000000800a4d9c                fflush
 .text          0x00000000800a4e26      0x38e /media/cvitek/jingjing.tang/repository/host-tools/gcc/Xuantie-900-gcc-elf-newlib-x86_64-V2.8.1/bin/../lib/gcc/riscv64-unknown-elf/10.4.0/../../../../riscv64-unknown-elf/lib/rv64imafdc/lp64d/libc.a(lib_a-findfp.o)
                0x00000000800a4e26                _cleanup_r
                0x00000000800a4e80                __sfmoreglue
                0x00000000800a4ec8                _cleanup
                0x00000000800a4eda                __sinit
                0x00000000800a502c                __sfp
                0x00000000800a5136                __sfp_lock_acquire
                0x00000000800a5142                __sfp_lock_release
                0x00000000800a514e                __sinit_lock_acquire
                0x00000000800a515a                __sinit_lock_release
                0x00000000800a5166                __fp_lock_all
                0x00000000800a518c                __fp_unlock_all
 .text          0x00000000800a51b4      0x10c /media/cvitek/jingjing.tang/repository/host-tools/gcc/Xuantie-900-gcc-elf-newlib-x86_64-V2.8.1/bin/../lib/gcc/riscv64-unknown-elf/10.4.0/../../../../riscv64-unknown-elf/lib/rv64imafdc/lp64d/libc.a(lib_a-fwalk.o)
                0x00000000800a51b4                _fwalk
                0x00000000800a5236                _fwalk_reent
 .text          0x00000000800a52c0     0x2130 /media/cvitek/jingjing.tang/repository/host-tools/gcc/Xuantie-900-gcc-elf-newlib-x86_64-V2.8.1/bin/../lib/gcc/riscv64-unknown-elf/10.4.0/../../../../riscv64-unknown-elf/lib/rv64imafdc/lp64d/libc.a(lib_a-ldtoa.o)
                0x00000000800a6538                _ldtoa_r
                0x00000000800a73ae                _ldcheck
 .text          0x00000000800a73f0       0x1a /media/cvitek/jingjing.tang/repository/host-tools/gcc/Xuantie-900-gcc-elf-newlib-x86_64-V2.8.1/bin/../lib/gcc/riscv64-unknown-elf/10.4.0/../../../../riscv64-unknown-elf/lib/rv64imafdc/lp64d/libc.a(lib_a-localeconv.o)
                0x00000000800a73f0                __localeconv_l
                0x00000000800a73f6                _localeconv_r
                0x00000000800a7400                localeconv
 .text          0x00000000800a740a       0x18 /media/cvitek/jingjing.tang/repository/host-tools/gcc/Xuantie-900-gcc-elf-newlib-x86_64-V2.8.1/bin/../lib/gcc/riscv64-unknown-elf/10.4.0/../../../../riscv64-unknown-elf/lib/rv64imafdc/lp64d/libc.a(lib_a-lock.o)
                0x00000000800a740a                __retarget_lock_init
                0x00000000800a740c                __retarget_lock_init_recursive
                0x00000000800a740e                __retarget_lock_close
                0x00000000800a7410                __retarget_lock_close_recursive
                0x00000000800a7412                __retarget_lock_acquire
                0x00000000800a7414                __retarget_lock_acquire_recursive
                0x00000000800a7416                __retarget_lock_try_acquire
                0x00000000800a741a                __retarget_lock_try_acquire_recursive
                0x00000000800a741e                __retarget_lock_release
                0x00000000800a7420                __retarget_lock_release_recursive
 .text          0x00000000800a7422      0x198 /media/cvitek/jingjing.tang/repository/host-tools/gcc/Xuantie-900-gcc-elf-newlib-x86_64-V2.8.1/bin/../lib/gcc/riscv64-unknown-elf/10.4.0/../../../../riscv64-unknown-elf/lib/rv64imafdc/lp64d/libc.a(lib_a-makebuf.o)
                0x00000000800a7422                __smakebuf_r
                0x00000000800a7538                __swhatbuf_r
 .text          0x00000000800a75ba       0x96 /media/cvitek/jingjing.tang/repository/host-tools/gcc/Xuantie-900-gcc-elf-newlib-x86_64-V2.8.1/bin/../lib/gcc/riscv64-unknown-elf/10.4.0/../../../../riscv64-unknown-elf/lib/rv64imafdc/lp64d/libc.a(lib_a-memchr.o)
                0x00000000800a75ba                memchr
 .text          0x00000000800a7650      0xcb6 /media/cvitek/jingjing.tang/repository/host-tools/gcc/Xuantie-900-gcc-elf-newlib-x86_64-V2.8.1/bin/../lib/gcc/riscv64-unknown-elf/10.4.0/../../../../riscv64-unknown-elf/lib/rv64imafdc/lp64d/libc.a(lib_a-mprec.o)
                0x00000000800a7650                _Balloc
                0x00000000800a76b2                _Bfree
                0x00000000800a76c4                __multadd
                0x00000000800a77ae                __s2b
                0x00000000800a7896                __hi0bits
                0x00000000800a78e4                __lo0bits
                0x00000000800a797c                __i2b
                0x00000000800a79e8                __multiply
                0x00000000800a7b92                __pow5mult
                0x00000000800a7c70                __lshift
                0x00000000800a7d9a                __mcmp
                0x00000000800a7dd2                __mdiff
                0x00000000800a7f7a                __ulp
                0x00000000800a7fd8                __b2d
                0x00000000800a80cc                __d2b
                0x00000000800a81c2                __ratio
                0x00000000800a8246                _mprec_log10
                0x00000000800a8276                __copybits
                0x00000000800a82be                __any_on
 .text          0x00000000800a8306       0x80 /media/cvitek/jingjing.tang/repository/host-tools/gcc/Xuantie-900-gcc-elf-newlib-x86_64-V2.8.1/bin/../lib/gcc/riscv64-unknown-elf/10.4.0/../../../../riscv64-unknown-elf/lib/rv64imafdc/lp64d/libc.a(lib_a-s_frexp.o)
                0x00000000800a8306                frexp
 .text          0x00000000800a8386       0xda /media/cvitek/jingjing.tang/repository/host-tools/gcc/Xuantie-900-gcc-elf-newlib-x86_64-V2.8.1/bin/../lib/gcc/riscv64-unknown-elf/10.4.0/../../../../riscv64-unknown-elf/lib/rv64imafdc/lp64d/libc.a(lib_a-stdio.o)
                0x00000000800a8386                __sread
                0x00000000800a83be                __seofread
                0x00000000800a83c2                __swrite
                0x00000000800a8416                __sseek
                0x00000000800a8458                __sclose
 .text          0x00000000800a8460      0xb8a /media/cvitek/jingjing.tang/repository/host-tools/gcc/Xuantie-900-gcc-elf-newlib-x86_64-V2.8.1/bin/../lib/gcc/riscv64-unknown-elf/10.4.0/../../../../riscv64-unknown-elf/lib/rv64imafdc/lp64d/libc.a(lib_a-svfiprintf.o)
                0x00000000800a8460                __ssprint_r
                0x00000000800a85be                _svfiprintf_r
 .text          0x00000000800a8fea      0xe20 /media/cvitek/jingjing.tang/repository/host-tools/gcc/Xuantie-900-gcc-elf-newlib-x86_64-V2.8.1/bin/../lib/gcc/riscv64-unknown-elf/10.4.0/../../../../riscv64-unknown-elf/lib/rv64imafdc/lp64d/libc.a(lib_a-vfiprintf.o)
                0x00000000800a908e                __sprint_r
                0x00000000800a909c                _vfiprintf_r
                0x00000000800a9d46                vfiprintf
 .text          0x00000000800a9e0a       0x50 /media/cvitek/jingjing.tang/repository/host-tools/gcc/Xuantie-900-gcc-elf-newlib-x86_64-V2.8.1/bin/../lib/gcc/riscv64-unknown-elf/10.4.0/../../../../riscv64-unknown-elf/lib/rv64imafdc/lp64d/libc.a(lib_a-assert.o)
                0x00000000800a9e0a                __assert_func
                0x00000000800a9e4e                __assert
 .text          0x00000000800a9e5a      0x110 /media/cvitek/jingjing.tang/repository/host-tools/gcc/Xuantie-900-gcc-elf-newlib-x86_64-V2.8.1/bin/../lib/gcc/riscv64-unknown-elf/10.4.0/../../../../riscv64-unknown-elf/lib/rv64imafdc/lp64d/libc.a(lib_a-fclose.o)
                0x00000000800a9e5a                _fclose_r
                0x00000000800a9f5e                fclose
 .text          0x00000000800a9f6a       0x50 /media/cvitek/jingjing.tang/repository/host-tools/gcc/Xuantie-900-gcc-elf-newlib-x86_64-V2.8.1/bin/../lib/gcc/riscv64-unknown-elf/10.4.0/../../../../riscv64-unknown-elf/lib/rv64imafdc/lp64d/libc.a(lib_a-fiprintf.o)
                0x00000000800a9f6a                _fiprintf_r
                0x00000000800a9f8a                fiprintf
 .text          0x00000000800a9fba      0x1fe /media/cvitek/jingjing.tang/repository/host-tools/gcc/Xuantie-900-gcc-elf-newlib-x86_64-V2.8.1/bin/../lib/gcc/riscv64-unknown-elf/10.4.0/../../../../riscv64-unknown-elf/lib/rv64imafdc/lp64d/libc.a(lib_a-fputwc.o)
                0x00000000800a9fba                __fputwc
                0x00000000800aa080                _fputwc_r
                0x00000000800aa110                fputwc
 .text          0x00000000800aa1b8      0x324 /media/cvitek/jingjing.tang/repository/host-tools/gcc/Xuantie-900-gcc-elf-newlib-x86_64-V2.8.1/bin/../lib/gcc/riscv64-unknown-elf/10.4.0/../../../../riscv64-unknown-elf/lib/rv64imafdc/lp64d/libc.a(lib_a-fvwrite.o)
                0x00000000800aa1b8                __sfvwrite_r
 .text          0x00000000800aa4dc       0xba /media/cvitek/jingjing.tang/repository/host-tools/gcc/Xuantie-900-gcc-elf-newlib-x86_64-V2.8.1/bin/../lib/gcc/riscv64-unknown-elf/10.4.0/../../../../riscv64-unknown-elf/lib/rv64imafdc/lp64d/libc.a(lib_a-locale.o)
                0x00000000800aa4dc                _setlocale_r
                0x00000000800aa534                __locale_mb_cur_max
                0x00000000800aa53e                setlocale
 .text          0x00000000800aa596       0x4a /media/cvitek/jingjing.tang/repository/host-tools/gcc/Xuantie-900-gcc-elf-newlib-x86_64-V2.8.1/bin/../lib/gcc/riscv64-unknown-elf/10.4.0/../../../../riscv64-unknown-elf/lib/rv64imafdc/lp64d/libc.a(lib_a-mbtowc_r.o)
                0x00000000800aa596                _mbtowc_r
                0x00000000800aa5a0                __ascii_mbtowc
 .text          0x00000000800aa5e0      0x108 /media/cvitek/jingjing.tang/repository/host-tools/gcc/Xuantie-900-gcc-elf-newlib-x86_64-V2.8.1/bin/../lib/gcc/riscv64-unknown-elf/10.4.0/../../../../riscv64-unknown-elf/lib/rv64imafdc/lp64d/libc.a(lib_a-wbuf.o)
                0x00000000800aa5e0                __swbuf_r
                0x00000000800aa6d8                __swbuf
 .text          0x00000000800aa6e8       0xa2 /media/cvitek/jingjing.tang/repository/host-tools/gcc/Xuantie-900-gcc-elf-newlib-x86_64-V2.8.1/bin/../lib/gcc/riscv64-unknown-elf/10.4.0/../../../../riscv64-unknown-elf/lib/rv64imafdc/lp64d/libc.a(lib_a-wcrtomb.o)
                0x00000000800aa6e8                _wcrtomb_r
                0x00000000800aa730                wcrtomb
 .text          0x00000000800aa78a       0x2e /media/cvitek/jingjing.tang/repository/host-tools/gcc/Xuantie-900-gcc-elf-newlib-x86_64-V2.8.1/bin/../lib/gcc/riscv64-unknown-elf/10.4.0/../../../../riscv64-unknown-elf/lib/rv64imafdc/lp64d/libc.a(lib_a-wctomb_r.o)
                0x00000000800aa78a                _wctomb_r
                0x00000000800aa794                __ascii_wctomb
 .text          0x00000000800aa7b8       0x10 /media/cvitek/jingjing.tang/repository/host-tools/gcc/Xuantie-900-gcc-elf-newlib-x86_64-V2.8.1/bin/../lib/gcc/riscv64-unknown-elf/10.4.0/../../../../riscv64-unknown-elf/lib/rv64imafdc/lp64d/libc.a(lib_a-abort.o)
                0x00000000800aa7b8                abort
 .text          0x00000000800aa7c8      0x366 /media/cvitek/jingjing.tang/repository/host-tools/gcc/Xuantie-900-gcc-elf-newlib-x86_64-V2.8.1/bin/../lib/gcc/riscv64-unknown-elf/10.4.0/../../../../riscv64-unknown-elf/lib/rv64imafdc/lp64d/libc.a(lib_a-signal.o)
                0x00000000800aa7c8                _init_signal_r
                0x00000000800aa804                _signal_r
                0x00000000800aa868                _raise_r
                0x00000000800aa8e6                __sigtramp_r
                0x00000000800aa96e                raise
                0x00000000800aa9f0                signal
                0x00000000800aaa60                _init_signal
                0x00000000800aaaa2                __sigtramp
 .text          0x00000000800aab2e      0x20a /media/cvitek/jingjing.tang/repository/host-tools/gcc/Xuantie-900-gcc-elf-newlib-x86_64-V2.8.1/bin/../lib/gcc/riscv64-unknown-elf/10.4.0/../../../../riscv64-unknown-elf/lib/rv64imafdc/lp64d/libm.a(lib_a-s_atan.o)
                0x00000000800aab2e                atan
 .text          0x00000000800aad38      0x128 /media/cvitek/jingjing.tang/repository/host-tools/gcc/Xuantie-900-gcc-elf-newlib-x86_64-V2.8.1/bin/../lib/gcc/riscv64-unknown-elf/10.4.0/../../../../riscv64-unknown-elf/lib/rv64imafdc/lp64d/libm.a(lib_a-s_ceil.o)
                0x00000000800aad38                ceil
 .text          0x00000000800aae60       0x76 /media/cvitek/jingjing.tang/repository/host-tools/gcc/Xuantie-900-gcc-elf-newlib-x86_64-V2.8.1/bin/../lib/gcc/riscv64-unknown-elf/10.4.0/../../../../riscv64-unknown-elf/lib/rv64imafdc/lp64d/libm.a(lib_a-s_cos.o)
                0x00000000800aae60                cos
 .text          0x00000000800aaed6       0x1a /media/cvitek/jingjing.tang/repository/host-tools/gcc/Xuantie-900-gcc-elf-newlib-x86_64-V2.8.1/bin/../lib/gcc/riscv64-unknown-elf/10.4.0/../../../../riscv64-unknown-elf/lib/rv64imafdc/lp64d/libm.a(lib_a-s_fabs.o)
                0x00000000800aaed6                fabs
 .text          0x00000000800aaef0      0x12c /media/cvitek/jingjing.tang/repository/host-tools/gcc/Xuantie-900-gcc-elf-newlib-x86_64-V2.8.1/bin/../lib/gcc/riscv64-unknown-elf/10.4.0/../../../../riscv64-unknown-elf/lib/rv64imafdc/lp64d/libm.a(lib_a-s_floor.o)
                0x00000000800aaef0                floor
 .text          0x00000000800ab01c       0xc2 /media/cvitek/jingjing.tang/repository/host-tools/gcc/Xuantie-900-gcc-elf-newlib-x86_64-V2.8.1/bin/../lib/gcc/riscv64-unknown-elf/10.4.0/../../../../riscv64-unknown-elf/lib/rv64imafdc/lp64d/libm.a(lib_a-s_round.o)
                0x00000000800ab01c                round
 .text          0x00000000800ab0de       0x78 /media/cvitek/jingjing.tang/repository/host-tools/gcc/Xuantie-900-gcc-elf-newlib-x86_64-V2.8.1/bin/../lib/gcc/riscv64-unknown-elf/10.4.0/../../../../riscv64-unknown-elf/lib/rv64imafdc/lp64d/libm.a(lib_a-s_sin.o)
                0x00000000800ab0de                sin
 .text          0x00000000800ab156        0x2 /media/cvitek/jingjing.tang/repository/host-tools/gcc/Xuantie-900-gcc-elf-newlib-x86_64-V2.8.1/bin/../lib/gcc/riscv64-unknown-elf/10.4.0/../../../../riscv64-unknown-elf/lib/rv64imafdc/lp64d/libm.a(lib_a-w_atan2.o)
                0x00000000800ab156                atan2
 .text          0x00000000800ab158       0x7a /media/cvitek/jingjing.tang/repository/host-tools/gcc/Xuantie-900-gcc-elf-newlib-x86_64-V2.8.1/bin/../lib/gcc/riscv64-unknown-elf/10.4.0/../../../../riscv64-unknown-elf/lib/rv64imafdc/lp64d/libm.a(lib_a-w_exp.o)
                0x00000000800ab158                exp
 .text          0x00000000800ab1d2       0x68 /media/cvitek/jingjing.tang/repository/host-tools/gcc/Xuantie-900-gcc-elf-newlib-x86_64-V2.8.1/bin/../lib/gcc/riscv64-unknown-elf/10.4.0/../../../../riscv64-unknown-elf/lib/rv64imafdc/lp64d/libm.a(lib_a-w_log.o)
                0x00000000800ab1d2                log
 .text          0x00000000800ab23a      0x130 /media/cvitek/jingjing.tang/repository/host-tools/gcc/Xuantie-900-gcc-elf-newlib-x86_64-V2.8.1/bin/../lib/gcc/riscv64-unknown-elf/10.4.0/../../../../riscv64-unknown-elf/lib/rv64imafdc/lp64d/libm.a(lib_a-w_pow.o)
                0x00000000800ab23a                pow
 .text          0x00000000800ab36a       0x50 /media/cvitek/jingjing.tang/repository/host-tools/gcc/Xuantie-900-gcc-elf-newlib-x86_64-V2.8.1/bin/../lib/gcc/riscv64-unknown-elf/10.4.0/../../../../riscv64-unknown-elf/lib/rv64imafdc/lp64d/libm.a(lib_a-w_sqrt.o)
                0x00000000800ab36a                sqrt
 .text          0x00000000800ab3ba      0x1e4 /media/cvitek/jingjing.tang/repository/host-tools/gcc/Xuantie-900-gcc-elf-newlib-x86_64-V2.8.1/bin/../lib/gcc/riscv64-unknown-elf/10.4.0/../../../../riscv64-unknown-elf/lib/rv64imafdc/lp64d/libm.a(lib_a-e_atan2.o)
                0x00000000800ab3ba                __ieee754_atan2
 .text          0x00000000800ab59e      0x27e /media/cvitek/jingjing.tang/repository/host-tools/gcc/Xuantie-900-gcc-elf-newlib-x86_64-V2.8.1/bin/../lib/gcc/riscv64-unknown-elf/10.4.0/../../../../riscv64-unknown-elf/lib/rv64imafdc/lp64d/libm.a(lib_a-e_exp.o)
                0x00000000800ab59e                __ieee754_exp
 .text          0x00000000800ab81c      0x250 /media/cvitek/jingjing.tang/repository/host-tools/gcc/Xuantie-900-gcc-elf-newlib-x86_64-V2.8.1/bin/../lib/gcc/riscv64-unknown-elf/10.4.0/../../../../riscv64-unknown-elf/lib/rv64imafdc/lp64d/libm.a(lib_a-e_log.o)
                0x00000000800ab81c                __ieee754_log
 .text          0x00000000800aba6c      0x762 /media/cvitek/jingjing.tang/repository/host-tools/gcc/Xuantie-900-gcc-elf-newlib-x86_64-V2.8.1/bin/../lib/gcc/riscv64-unknown-elf/10.4.0/../../../../riscv64-unknown-elf/lib/rv64imafdc/lp64d/libm.a(lib_a-e_pow.o)
                0x00000000800aba6c                __ieee754_pow
 .text          0x00000000800ac1ce      0x290 /media/cvitek/jingjing.tang/repository/host-tools/gcc/Xuantie-900-gcc-elf-newlib-x86_64-V2.8.1/bin/../lib/gcc/riscv64-unknown-elf/10.4.0/../../../../riscv64-unknown-elf/lib/rv64imafdc/lp64d/libm.a(lib_a-e_rem_pio2.o)
                0x00000000800ac1ce                __ieee754_rem_pio2
 .text          0x00000000800ac45e      0x1d2 /media/cvitek/jingjing.tang/repository/host-tools/gcc/Xuantie-900-gcc-elf-newlib-x86_64-V2.8.1/bin/../lib/gcc/riscv64-unknown-elf/10.4.0/../../../../riscv64-unknown-elf/lib/rv64imafdc/lp64d/libm.a(lib_a-e_sqrt.o)
                0x00000000800ac45e                __ieee754_sqrt
 .text          0x00000000800ac630      0x148 /media/cvitek/jingjing.tang/repository/host-tools/gcc/Xuantie-900-gcc-elf-newlib-x86_64-V2.8.1/bin/../lib/gcc/riscv64-unknown-elf/10.4.0/../../../../riscv64-unknown-elf/lib/rv64imafdc/lp64d/libm.a(lib_a-k_cos.o)
                0x00000000800ac630                __kernel_cos
 .text          0x00000000800ac778      0x78e /media/cvitek/jingjing.tang/repository/host-tools/gcc/Xuantie-900-gcc-elf-newlib-x86_64-V2.8.1/bin/../lib/gcc/riscv64-unknown-elf/10.4.0/../../../../riscv64-unknown-elf/lib/rv64imafdc/lp64d/libm.a(lib_a-k_rem_pio2.o)
                0x00000000800ac778                __kernel_rem_pio2
 .text          0x00000000800acf06       0xa4 /media/cvitek/jingjing.tang/repository/host-tools/gcc/Xuantie-900-gcc-elf-newlib-x86_64-V2.8.1/bin/../lib/gcc/riscv64-unknown-elf/10.4.0/../../../../riscv64-unknown-elf/lib/rv64imafdc/lp64d/libm.a(lib_a-k_sin.o)
                0x00000000800acf06                __kernel_sin
 .text          0x00000000800acfaa       0x14 /media/cvitek/jingjing.tang/repository/host-tools/gcc/Xuantie-900-gcc-elf-newlib-x86_64-V2.8.1/bin/../lib/gcc/riscv64-unknown-elf/10.4.0/../../../../riscv64-unknown-elf/lib/rv64imafdc/lp64d/libm.a(lib_a-s_finite.o)
                0x00000000800acfaa                finite
 .text          0x00000000800acfbe        0xa /media/cvitek/jingjing.tang/repository/host-tools/gcc/Xuantie-900-gcc-elf-newlib-x86_64-V2.8.1/bin/../lib/gcc/riscv64-unknown-elf/10.4.0/../../../../riscv64-unknown-elf/lib/rv64imafdc/lp64d/libm.a(lib_a-s_nan.o)
                0x00000000800acfbe                nan
 .text          0x00000000800acfc8      0x166 /media/cvitek/jingjing.tang/repository/host-tools/gcc/Xuantie-900-gcc-elf-newlib-x86_64-V2.8.1/bin/../lib/gcc/riscv64-unknown-elf/10.4.0/../../../../riscv64-unknown-elf/lib/rv64imafdc/lp64d/libm.a(lib_a-s_rint.o)
                0x00000000800acfc8                rint
 .text          0x00000000800ad12e      0x12a /media/cvitek/jingjing.tang/repository/host-tools/gcc/Xuantie-900-gcc-elf-newlib-x86_64-V2.8.1/bin/../lib/gcc/riscv64-unknown-elf/10.4.0/../../../../riscv64-unknown-elf/lib/rv64imafdc/lp64d/libm.a(lib_a-s_scalbn.o)
                0x00000000800ad12e                scalbn
 .text          0x00000000800ad258       0x30 /media/cvitek/jingjing.tang/repository/host-tools/gcc/Xuantie-900-gcc-elf-newlib-x86_64-V2.8.1/bin/../lib/gcc/riscv64-unknown-elf/10.4.0/rv64imafdc/lp64d/libgcc.a(_clzsi2.o)
                0x00000000800ad258                __clzdi2
 .text          0x00000000800ad288       0x94 /media/cvitek/jingjing.tang/repository/host-tools/gcc/Xuantie-900-gcc-elf-newlib-x86_64-V2.8.1/bin/../lib/gcc/riscv64-unknown-elf/10.4.0/rv64imafdc/lp64d/libgcc.a(eqtf2.o)
                0x00000000800ad288                __eqtf2
                0x00000000800ad288                __netf2
 .text          0x00000000800ad31c       0xa6 /media/cvitek/jingjing.tang/repository/host-tools/gcc/Xuantie-900-gcc-elf-newlib-x86_64-V2.8.1/bin/../lib/gcc/riscv64-unknown-elf/10.4.0/rv64imafdc/lp64d/libgcc.a(getf2.o)
                0x00000000800ad31c                __getf2
                0x00000000800ad31c                __gttf2
 .text          0x00000000800ad3c2       0xa6 /media/cvitek/jingjing.tang/repository/host-tools/gcc/Xuantie-900-gcc-elf-newlib-x86_64-V2.8.1/bin/../lib/gcc/riscv64-unknown-elf/10.4.0/rv64imafdc/lp64d/libgcc.a(letf2.o)
                0x00000000800ad3c2                __letf2
                0x00000000800ad3c2                __lttf2
 .text          0x00000000800ad468      0x5f8 /media/cvitek/jingjing.tang/repository/host-tools/gcc/Xuantie-900-gcc-elf-newlib-x86_64-V2.8.1/bin/../lib/gcc/riscv64-unknown-elf/10.4.0/rv64imafdc/lp64d/libgcc.a(multf3.o)
                0x00000000800ad468                __multf3
 .text          0x00000000800ada60      0x82a /media/cvitek/jingjing.tang/repository/host-tools/gcc/Xuantie-900-gcc-elf-newlib-x86_64-V2.8.1/bin/../lib/gcc/riscv64-unknown-elf/10.4.0/rv64imafdc/lp64d/libgcc.a(subtf3.o)
                0x00000000800ada60                __subtf3
 .text          0x00000000800ae28a       0x90 /media/cvitek/jingjing.tang/repository/host-tools/gcc/Xuantie-900-gcc-elf-newlib-x86_64-V2.8.1/bin/../lib/gcc/riscv64-unknown-elf/10.4.0/rv64imafdc/lp64d/libgcc.a(fixtfsi.o)
                0x00000000800ae28a                __fixtfsi
 .text          0x00000000800ae31a       0x58 /media/cvitek/jingjing.tang/repository/host-tools/gcc/Xuantie-900-gcc-elf-newlib-x86_64-V2.8.1/bin/../lib/gcc/riscv64-unknown-elf/10.4.0/rv64imafdc/lp64d/libgcc.a(floatsitf.o)
                0x00000000800ae31a                __floatsitf
 .text          0x00000000800ae372       0xc2 /media/cvitek/jingjing.tang/repository/host-tools/gcc/Xuantie-900-gcc-elf-newlib-x86_64-V2.8.1/bin/../lib/gcc/riscv64-unknown-elf/10.4.0/rv64imafdc/lp64d/libgcc.a(extenddftf2.o)
                0x00000000800ae372                __extenddftf2
 .text          0x00000000800ae434      0x22c /media/cvitek/jingjing.tang/repository/host-tools/gcc/Xuantie-900-gcc-elf-newlib-x86_64-V2.8.1/bin/../lib/gcc/riscv64-unknown-elf/10.4.0/rv64imafdc/lp64d/libgcc.a(trunctfdf2.o)
                0x00000000800ae434                __trunctfdf2
 *(.text.*)
 .text.dumpmem  0x00000000800ae660       0xf6 build/cvi_common/cvi_tool/devmem_tool.o
                0x00000000800ae660                dumpmem
 .text.devmem   0x00000000800ae756       0xf4 build/cvi_common/cvi_tool/devmem_tool.o
                0x00000000800ae756                devmem
 .text.dwc_do_first_queue
                0x00000000800ae84a      0x130 build/cvi_common/drivers/drv_dma.o
 .text.release_descriptor
                0x00000000800ae97a       0xbe build/cvi_common/drivers/drv_dma.o
 .text.dma_remap_init
                0x00000000800aea38       0xa6 build/cvi_common/drivers/drv_dma.o
                0x00000000800aea38                dma_remap_init
 .text.dwc_complete_all
                0x00000000800aeade       0x62 build/cvi_common/drivers/drv_dma.o
                0x00000000800aeade                dwc_complete_all
 .text.dw_dma_irq_handler
                0x00000000800aeb40       0x6c build/cvi_common/drivers/drv_dma.o
 .text.hal_dma_init
                0x00000000800aebac      0x1f2 build/cvi_common/drivers/drv_dma.o
                0x00000000800aebac                hal_dma_init
 .text.dwapb_toggle_trigger
                0x00000000800aed9e       0x4c build/cvi_common/drivers/drv_gpio.o
 .text.dwapb_pin_mode
                0x00000000800aedea       0x4e build/cvi_common/drivers/drv_gpio.o
 .text.dwapb_pin_write
                0x00000000800aee38       0x3a build/cvi_common/drivers/drv_gpio.o
 .text.dwapb_pin_read
                0x00000000800aee72       0x3a build/cvi_common/drivers/drv_gpio.o
 .text.dwapb_pin_attach_irq
                0x00000000800aeeac      0x110 build/cvi_common/drivers/drv_gpio.o
 .text.dwapb_pin_detach_irq
                0x00000000800aefbc       0x42 build/cvi_common/drivers/drv_gpio.o
 .text.dwapb_pin_irq_enable
                0x00000000800aeffe       0x48 build/cvi_common/drivers/drv_gpio.o
 .text.rt_hw_gpio_isr
                0x00000000800af046       0xf4 build/cvi_common/drivers/drv_gpio.o
 .text.rt_hw_gpio_init
                0x00000000800af13a       0x88 build/cvi_common/drivers/drv_gpio.o
                0x00000000800af13a                rt_hw_gpio_init
 .text.dwapb_pin_get
                0x00000000800af1c2       0x86 build/cvi_common/drivers/drv_gpio.o
 .text.pinmux_config
                0x00000000800af248      0x184 build/cvi_common/drivers/drv_pinmux.o
                0x00000000800af248                pinmux_config
 .text.rt_hw_cpu_reset
                0x00000000800af3cc       0x5a build/cvi_common/drivers/drv_por.o
                0x00000000800af3cc                rt_hw_cpu_reset
 .text.rt_hw_uart_isr
                0x00000000800af426       0x5c build/cvi_common/drivers/drv_uart.o
 .text.dw8250_uart_getc
                0x00000000800af482       0x40 build/cvi_common/drivers/drv_uart.o
 .text.dw8250_uart_putc
                0x00000000800af4c2       0x4e build/cvi_common/drivers/drv_uart.o
 .text.dw8250_uart_control
                0x00000000800af510       0x66 build/cvi_common/drivers/drv_uart.o
 .text.dw8250_uart_configure
                0x00000000800af576      0x106 build/cvi_common/drivers/drv_uart.o
 .text.rt_hw_uart_init
                0x00000000800af67c       0x94 build/cvi_common/drivers/drv_uart.o
                0x00000000800af67c                rt_hw_uart_init
 .text.dump_uart_init
                0x00000000800af710       0xde build/cvi_common/drivers/mailbox/drv_dump_uart.o
                0x00000000800af710                dump_uart_init
 .text.cvi_spinlock_init
                0x00000000800af7ee       0x46 build/cvi_common/drivers/mailbox/drv_spinlock.o
                0x00000000800af7ee                cvi_spinlock_init
 .text.hw_spin_lock
                0x00000000800af834      0x11a build/cvi_common/drivers/mailbox/drv_spinlock.o
                0x00000000800af834                hw_spin_lock
 .text._hw_raw_spin_lock_irqsave
                0x00000000800af94e       0x32 build/cvi_common/drivers/mailbox/drv_spinlock.o
                0x00000000800af94e                _hw_raw_spin_lock_irqsave
 .text._hw_raw_spin_unlock_irqrestore
                0x00000000800af980       0x46 build/cvi_common/drivers/mailbox/drv_spinlock.o
                0x00000000800af980                _hw_raw_spin_unlock_irqrestore
 .text.count_repeat_pixel
                0x00000000800af9c6       0x82 /media/cvitek/jingjing.tang/temp/temp/mars3_20250829/rt-thread/components/cvi_comps/cvi_mpi/cvi_mw_rgn/src/cmpr_canvas.o
                0x00000000800af9c6                count_repeat_pixel
 .text.recycle_obj_slices
                0x00000000800afa48       0x78 /media/cvitek/jingjing.tang/temp/temp/mars3_20250829/rt-thread/components/cvi_comps/cvi_mpi/cvi_mw_rgn/src/cmpr_canvas.o
                0x00000000800afa48                recycle_obj_slices
 .text.recycle_draw_obj
                0x00000000800afac0       0x78 /media/cvitek/jingjing.tang/temp/temp/mars3_20250829/rt-thread/components/cvi_comps/cvi_mpi/cvi_mw_rgn/src/cmpr_canvas.o
                0x00000000800afac0                recycle_draw_obj
 .text.obj_project_on_line
                0x00000000800afb38      0x3be /media/cvitek/jingjing.tang/temp/temp/mars3_20250829/rt-thread/components/cvi_comps/cvi_mpi/cvi_mw_rgn/src/cmpr_canvas.o
                0x00000000800afb38                obj_project_on_line
 .text.draw_cmpr_init
                0x00000000800afef6       0xa0 /media/cvitek/jingjing.tang/temp/temp/mars3_20250829/rt-thread/components/cvi_comps/cvi_mpi/cvi_mw_rgn/src/cmpr_canvas.o
                0x00000000800afef6                draw_cmpr_init
 .text.draw_cmpr_pixel
                0x00000000800aff96       0x84 /media/cvitek/jingjing.tang/temp/temp/mars3_20250829/rt-thread/components/cvi_comps/cvi_mpi/cvi_mw_rgn/src/cmpr_canvas.o
                0x00000000800aff96                draw_cmpr_pixel
 .text.draw_cmpr_canvas_line
                0x00000000800b001a      0x16c /media/cvitek/jingjing.tang/temp/temp/mars3_20250829/rt-thread/components/cvi_comps/cvi_mpi/cvi_mw_rgn/src/cmpr_canvas.o
                0x00000000800b001a                draw_cmpr_canvas_line
 .text.plot_segments_on_line
                0x00000000800b0186      0x328 /media/cvitek/jingjing.tang/temp/temp/mars3_20250829/rt-thread/components/cvi_comps/cvi_mpi/cvi_mw_rgn/src/cmpr_canvas.o
                0x00000000800b0186                plot_segments_on_line
 .text.draw_cmpr_canvas
                0x00000000800b04ae      0x1b2 /media/cvitek/jingjing.tang/temp/temp/mars3_20250829/rt-thread/components/cvi_comps/cvi_mpi/cvi_mw_rgn/src/cmpr_canvas.o
                0x00000000800b04ae                draw_cmpr_canvas
 .text.set_rect_obj_attr
                0x00000000800b0660       0xb4 /media/cvitek/jingjing.tang/temp/temp/mars3_20250829/rt-thread/components/cvi_comps/cvi_mpi/cvi_mw_rgn/src/cmpr_canvas.o
                0x00000000800b0660                set_rect_obj_attr
 .text.set_line_obj_attr
                0x00000000800b0714      0x334 /media/cvitek/jingjing.tang/temp/temp/mars3_20250829/rt-thread/components/cvi_comps/cvi_mpi/cvi_mw_rgn/src/cmpr_canvas.o
                0x00000000800b0714                set_line_obj_attr
 .text.OSDC_est_cmpr_canvas_size
                0x00000000800b0a48       0x20 /media/cvitek/jingjing.tang/temp/temp/mars3_20250829/rt-thread/components/cvi_comps/cvi_mpi/cvi_mw_rgn/src/cmpr_canvas.o
                0x00000000800b0a48                OSDC_est_cmpr_canvas_size
 .text.OSDC_draw_cmpr_canvas
                0x00000000800b0a68        0x4 /media/cvitek/jingjing.tang/temp/temp/mars3_20250829/rt-thread/components/cvi_comps/cvi_mpi/cvi_mw_rgn/src/cmpr_canvas.o
                0x00000000800b0a68                OSDC_draw_cmpr_canvas
 .text.OSDC_set_rect_obj_attr
                0x00000000800b0a6c       0xb4 /media/cvitek/jingjing.tang/temp/temp/mars3_20250829/rt-thread/components/cvi_comps/cvi_mpi/cvi_mw_rgn/src/cmpr_canvas.o
                0x00000000800b0a6c                OSDC_set_rect_obj_attr
 .text.OSDC_set_bitmap_obj_attr
                0x00000000800b0b20       0x98 /media/cvitek/jingjing.tang/temp/temp/mars3_20250829/rt-thread/components/cvi_comps/cvi_mpi/cvi_mw_rgn/src/cmpr_canvas.o
                0x00000000800b0b20                OSDC_set_bitmap_obj_attr
 .text.OSDC_set_line_obj_attr
                0x00000000800b0bb8        0xa /media/cvitek/jingjing.tang/temp/temp/mars3_20250829/rt-thread/components/cvi_comps/cvi_mpi/cvi_mw_rgn/src/cmpr_canvas.o
                0x00000000800b0bb8                OSDC_set_line_obj_attr
 .text.init_stream
                0x00000000800b0bc2       0x1a /media/cvitek/jingjing.tang/temp/temp/mars3_20250829/rt-thread/components/cvi_comps/cvi_mpi/cvi_mw_rgn/src/osd_cmpr.o
                0x00000000800b0bc2                init_stream
 .text.write_stream
                0x00000000800b0bdc       0x88 /media/cvitek/jingjing.tang/temp/temp/mars3_20250829/rt-thread/components/cvi_comps/cvi_mpi/cvi_mw_rgn/src/osd_cmpr.o
                0x00000000800b0bdc                write_stream
 .text.get_color
                0x00000000800b0c64       0x96 /media/cvitek/jingjing.tang/temp/temp/mars3_20250829/rt-thread/components/cvi_comps/cvi_mpi/cvi_mw_rgn/src/osd_cmpr.o
                0x00000000800b0c64                get_color
 .text.palette_cache_init
                0x00000000800b0cfa       0x8c /media/cvitek/jingjing.tang/temp/temp/mars3_20250829/rt-thread/components/cvi_comps/cvi_mpi/cvi_mw_rgn/src/osd_cmpr.o
                0x00000000800b0cfa                palette_cache_init
 .text.palette_cache_lookup_color
                0x00000000800b0d86       0x88 /media/cvitek/jingjing.tang/temp/temp/mars3_20250829/rt-thread/components/cvi_comps/cvi_mpi/cvi_mw_rgn/src/osd_cmpr.o
                0x00000000800b0d86                palette_cache_lookup_color
 .text.enc_literal
                0x00000000800b0e0e       0xa8 /media/cvitek/jingjing.tang/temp/temp/mars3_20250829/rt-thread/components/cvi_comps/cvi_mpi/cvi_mw_rgn/src/osd_cmpr.o
                0x00000000800b0e0e                enc_literal
 .text.enc_mode_syntax
                0x00000000800b0eb6      0x22e /media/cvitek/jingjing.tang/temp/temp/mars3_20250829/rt-thread/components/cvi_comps/cvi_mpi/cvi_mw_rgn/src/osd_cmpr.o
                0x00000000800b0eb6                enc_mode_syntax
 .text.osd_cmpr_enc_header
                0x00000000800b10e4       0xd4 /media/cvitek/jingjing.tang/temp/temp/mars3_20250829/rt-thread/components/cvi_comps/cvi_mpi/cvi_mw_rgn/src/osd_cmpr.o
                0x00000000800b10e4                osd_cmpr_enc_header
 .text.osd_cmpr_enc_followed_run
                0x00000000800b11b8       0x86 /media/cvitek/jingjing.tang/temp/temp/mars3_20250829/rt-thread/components/cvi_comps/cvi_mpi/cvi_mw_rgn/src/osd_cmpr.o
                0x00000000800b11b8                osd_cmpr_enc_followed_run
 .text.osd_cmpr_enc_const_pixel
                0x00000000800b123e       0xce /media/cvitek/jingjing.tang/temp/temp/mars3_20250829/rt-thread/components/cvi_comps/cvi_mpi/cvi_mw_rgn/src/osd_cmpr.o
                0x00000000800b123e                osd_cmpr_enc_const_pixel
 .text.osd_cmpr_frame_init
                0x00000000800b130c       0x64 /media/cvitek/jingjing.tang/temp/temp/mars3_20250829/rt-thread/components/cvi_comps/cvi_mpi/cvi_mw_rgn/src/osd_cmpr.o
                0x00000000800b130c                osd_cmpr_frame_init
 .text.osd_cmpr_get_pixel_sz
                0x00000000800b1370       0x10 /media/cvitek/jingjing.tang/temp/temp/mars3_20250829/rt-thread/components/cvi_comps/cvi_mpi/cvi_mw_rgn/src/osd_cmpr.o
                0x00000000800b1370                osd_cmpr_get_pixel_sz
 .text.osd_cmpr_get_header_sz
                0x00000000800b1380        0x4 /media/cvitek/jingjing.tang/temp/temp/mars3_20250829/rt-thread/components/cvi_comps/cvi_mpi/cvi_mw_rgn/src/osd_cmpr.o
                0x00000000800b1380                osd_cmpr_get_header_sz
 .text.OSDC_EstCmprCanvasSize
                0x00000000800b1384        0x4 /media/cvitek/jingjing.tang/temp/temp/mars3_20250829/rt-thread/components/cvi_comps/cvi_mpi/cvi_mw_rgn/src/osdc.o
                0x00000000800b1384                OSDC_EstCmprCanvasSize
 .text.OSDC_DrawCmprCanvas
                0x00000000800b1388        0x4 /media/cvitek/jingjing.tang/temp/temp/mars3_20250829/rt-thread/components/cvi_comps/cvi_mpi/cvi_mw_rgn/src/osdc.o
                0x00000000800b1388                OSDC_DrawCmprCanvas
 .text.OSDC_SetRectObjAttr
                0x00000000800b138c        0x8 /media/cvitek/jingjing.tang/temp/temp/mars3_20250829/rt-thread/components/cvi_comps/cvi_mpi/cvi_mw_rgn/src/osdc.o
                0x00000000800b138c                OSDC_SetRectObjAttr
 .text.OSDC_SetBitmapObjAttr
                0x00000000800b1394        0x4 /media/cvitek/jingjing.tang/temp/temp/mars3_20250829/rt-thread/components/cvi_comps/cvi_mpi/cvi_mw_rgn/src/osdc.o
                0x00000000800b1394                OSDC_SetBitmapObjAttr
 .text.OSDC_SetLineObjAttr
                0x00000000800b1398        0x4 /media/cvitek/jingjing.tang/temp/temp/mars3_20250829/rt-thread/components/cvi_comps/cvi_mpi/cvi_mw_rgn/src/osdc.o
                0x00000000800b1398                OSDC_SetLineObjAttr
 .text.__rt_libc_exit
                0x00000000800b139c       0x56 build/kernel/components/libc/compilers/common/cstdlib.o
                0x00000000800b139c                __rt_libc_exit
 .text.strnlen  0x00000000800b13f2       0x26 build/kernel/components/libc/compilers/common/cstring.o
                0x00000000800b13f2                strnlen
 .text._malloc_r
                0x00000000800b1418       0x24 build/kernel/components/libc/compilers/newlib/syscalls.o
                0x00000000800b1418                _malloc_r
 .text._realloc_r
                0x00000000800b143c       0x28 build/kernel/components/libc/compilers/newlib/syscalls.o
                0x00000000800b143c                _realloc_r
 .text._calloc_r
                0x00000000800b1464       0x28 build/kernel/components/libc/compilers/newlib/syscalls.o
                0x00000000800b1464                _calloc_r
 .text._free_r  0x00000000800b148c        0x6 build/kernel/components/libc/compilers/newlib/syscalls.o
                0x00000000800b148c                _free_r
 .text.__errno  0x00000000800b1492        0x4 build/kernel/components/libc/compilers/newlib/syscalls.o
                0x00000000800b1492                __errno
 .text._getpid_r
                0x00000000800b1496        0x4 build/kernel/components/libc/compilers/newlib/syscalls.o
                0x00000000800b1496                _getpid_r
 .text._close_r
                0x00000000800b149a        0x6 build/kernel/components/libc/compilers/newlib/syscalls.o
                0x00000000800b149a                _close_r
 .text._fstat_r
                0x00000000800b14a0        0xa build/kernel/components/libc/compilers/newlib/syscalls.o
                0x00000000800b14a0                _fstat_r
 .text._isatty_r
                0x00000000800b14aa        0x6 build/kernel/components/libc/compilers/newlib/syscalls.o
                0x00000000800b14aa                _isatty_r
 .text._kill_r  0x00000000800b14b0        0xa build/kernel/components/libc/compilers/newlib/syscalls.o
                0x00000000800b14b0                _kill_r
 .text._lseek_r
                0x00000000800b14ba        0xa build/kernel/components/libc/compilers/newlib/syscalls.o
                0x00000000800b14ba                _lseek_r
 .text._read_r  0x00000000800b14c4       0x72 build/kernel/components/libc/compilers/newlib/syscalls.o
                0x00000000800b14c4                _read_r
 .text._write_r
                0x00000000800b1536       0x52 build/kernel/components/libc/compilers/newlib/syscalls.o
                0x00000000800b1536                _write_r
 .text._exit    0x00000000800b1588        0xa build/kernel/components/libc/compilers/newlib/syscalls.o
                0x00000000800b1588                _exit
 .text.dcache_wb_range
                0x00000000800b1592       0x36 build/kernel/libcpu/risc-v/cvitek/c906L/cache.o
 .text.dcache_inv_range
                0x00000000800b15c8       0x36 build/kernel/libcpu/risc-v/cvitek/c906L/cache.o
 .text.single_core_cache_test
                0x00000000800b15fe      0x1de build/kernel/libcpu/risc-v/cvitek/c906L/cache.o
 .text.rt_hw_cpu_dcache_invalidate
                0x00000000800b17dc       0x14 build/kernel/libcpu/risc-v/cvitek/c906L/cache.o
                0x00000000800b17dc                rt_hw_cpu_dcache_invalidate
 .text.rt_hw_cpu_dcache_clean
                0x00000000800b17f0       0x14 build/kernel/libcpu/risc-v/cvitek/c906L/cache.o
                0x00000000800b17f0                rt_hw_cpu_dcache_clean
 .text.rt_hw_cpu_dcache_ops
                0x00000000800b1804       0x2e build/kernel/libcpu/risc-v/cvitek/c906L/cache.o
                0x00000000800b1804                rt_hw_cpu_dcache_ops
 .text.rt_hw_stack_init
                0x00000000800b1832       0x38 build/kernel/libcpu/risc-v/cvitek/c906L/cpuport.o
                0x00000000800b1832                rt_hw_stack_init
 .text.rt_trigger_software_interrupt
                0x00000000800b186a        0x2 build/kernel/libcpu/risc-v/cvitek/c906L/cpuport.o
                0x00000000800b186a                rt_trigger_software_interrupt
 .text.rt_hw_context_switch_interrupt
                0x00000000800b186c       0x28 build/kernel/libcpu/risc-v/cvitek/c906L/cpuport.o
                0x00000000800b186c                rt_hw_context_switch_interrupt
 *fill*         0x00000000800b1894        0x0 
 .text.trap_entry
                0x00000000800b1894       0xda build/kernel/libcpu/risc-v/cvitek/c906L/interrupt_gcc.o
                0x00000000800b1894                trap_entry
 .text.rt_hw_soft_irq_isr
                0x00000000800b196e        0x2 build/kernel/libcpu/risc-v/cvitek/c906L/trap.o
                0x00000000800b196e                rt_hw_soft_irq_isr
 .text.handle_trap
                0x00000000800b1970      0x3fa build/kernel/libcpu/risc-v/cvitek/c906L/trap.o
                0x00000000800b1970                handle_trap
 .text.startup.main
                0x00000000800b1d6a       0x20 build/applications/main.o
                0x00000000800b1d6a                main
 .text.rt_hw_board_init
                0x00000000800b1d8a       0x62 build/board/board.o
                0x00000000800b1d8a                rt_hw_board_init
 .text.rt_hw_interrupt_handler
                0x00000000800b1dec        0xe build/board/interrupt.o
 .text.rt_hw_interrupt_init
                0x00000000800b1dfa       0xae build/board/interrupt.o
                0x00000000800b1dfa                rt_hw_interrupt_init
 .text.rt_hw_interrupt_mask
                0x00000000800b1ea8       0x56 build/board/interrupt.o
                0x00000000800b1ea8                rt_hw_interrupt_mask
 .text.rt_hw_interrupt_umask
                0x00000000800b1efe       0x4e build/board/interrupt.o
                0x00000000800b1efe                rt_hw_interrupt_umask
 .text.rt_hw_interrupt_install
                0x00000000800b1f4c       0x36 build/board/interrupt.o
                0x00000000800b1f4c                rt_hw_interrupt_install
 .text.rt_hw_irq_isr
                0x00000000800b1f82       0x74 build/board/interrupt.o
                0x00000000800b1f82                rt_hw_irq_isr
 .text.rt_hw_tick_isr
                0x00000000800b1ff6       0x3c build/board/tick.o
                0x00000000800b1ff6                rt_hw_tick_isr
 .text.rt_hw_tick_init
                0x00000000800b2032       0x62 build/board/tick.o
                0x00000000800b2032                rt_hw_tick_init
 .text.rt_hw_us_delay
                0x00000000800b2094       0x30 build/board/tick.o
                0x00000000800b2094                rt_hw_us_delay
 .text.prvCmdQuRunTask
                0x00000000800b20c4      0x25c build/comm/comm_task.o
                0x00000000800b20c4                prvCmdQuRunTask
 .text.prvQueueISR
                0x00000000800b2320      0x178 build/comm/comm_task.o
                0x00000000800b2320                prvQueueISR
 .text.main_GetMODHandle
                0x00000000800b2498       0x20 build/comm/comm_task.o
                0x00000000800b2498                main_GetMODHandle
 .text.main_create_comm_tasks
                0x00000000800b24b8       0x7a build/comm/comm_task.o
                0x00000000800b24b8                main_create_comm_tasks
 .text.GetCommInfo
                0x00000000800b2532       0x50 build/comm/comm_task.o
                0x00000000800b2532                GetCommInfo
 .text.prvRGNRunTask
                0x00000000800b2582      0x256 build/rgn/src/rgn_main.o
                0x00000000800b2582                prvRGNRunTask
 .text.cvi_audio_init_test
                0x00000000800b27d8       0x56 build/audio/src/aud_task.o
                0x00000000800b27d8                cvi_audio_init_test
 .text.prvAudioRunTask
                0x00000000800b282e      0x8a8 build/audio/src/aud_task.o
                0x00000000800b282e                prvAudioRunTask
 .text.dfs_device_fs_mount
                0x00000000800b30d6        0x4 build/kernel/components/dfs/dfs_v1/filesystems/devfs/devfs.o
                0x00000000800b30d6                dfs_device_fs_mount
 .text.dfs_device_fs_statfs
                0x00000000800b30da       0x14 build/kernel/components/dfs/dfs_v1/filesystems/devfs/devfs.o
                0x00000000800b30da                dfs_device_fs_statfs
 .text.dfs_device_fs_unlink
                0x00000000800b30ee        0x4 build/kernel/components/dfs/dfs_v1/filesystems/devfs/devfs.o
                0x00000000800b30ee                dfs_device_fs_unlink
 .text.dfs_device_fs_ioctl
                0x00000000800b30f2       0x98 build/kernel/components/dfs/dfs_v1/filesystems/devfs/devfs.o
                0x00000000800b30f2                dfs_device_fs_ioctl
 .text.dfs_device_fs_read
                0x00000000800b318a       0x9a build/kernel/components/dfs/dfs_v1/filesystems/devfs/devfs.o
                0x00000000800b318a                dfs_device_fs_read
 .text.dfs_device_fs_write
                0x00000000800b3224       0x9a build/kernel/components/dfs/dfs_v1/filesystems/devfs/devfs.o
                0x00000000800b3224                dfs_device_fs_write
 .text.dfs_device_fs_close
                0x00000000800b32be       0xd2 build/kernel/components/dfs/dfs_v1/filesystems/devfs/devfs.o
                0x00000000800b32be                dfs_device_fs_close
 .text.dfs_device_fs_open
                0x00000000800b3390      0x174 build/kernel/components/dfs/dfs_v1/filesystems/devfs/devfs.o
                0x00000000800b3390                dfs_device_fs_open
 .text.dfs_device_fs_stat
                0x00000000800b3504       0xac build/kernel/components/dfs/dfs_v1/filesystems/devfs/devfs.o
                0x00000000800b3504                dfs_device_fs_stat
 .text.dfs_device_fs_getdents
                0x00000000800b35b0       0xe0 build/kernel/components/dfs/dfs_v1/filesystems/devfs/devfs.o
                0x00000000800b35b0                dfs_device_fs_getdents
 .text.dfs_device_fs_poll
                0x00000000800b3690        0x4 build/kernel/components/dfs/dfs_v1/filesystems/devfs/devfs.o
 .text.devfs_init
                0x00000000800b3694       0x18 build/kernel/components/dfs/dfs_v1/filesystems/devfs/devfs.o
                0x00000000800b3694                devfs_init
 .text.dfs_init
                0x00000000800b36ac       0xda build/kernel/components/dfs/dfs_v1/src/dfs.o
                0x00000000800b36ac                dfs_init
 .text.fd_slot_alloc.constprop.0
                0x00000000800b3786       0xaa build/kernel/components/dfs/dfs_v1/src/dfs.o
 .text.dfs_lock
                0x00000000800b3830       0x4a build/kernel/components/dfs/dfs_v1/src/dfs.o
                0x00000000800b3830                dfs_lock
 .text.dfs_unlock
                0x00000000800b387a        0xc build/kernel/components/dfs/dfs_v1/src/dfs.o
                0x00000000800b387a                dfs_unlock
 .text.fdt_fd_new
                0x00000000800b3886       0xb4 build/kernel/components/dfs/dfs_v1/src/dfs.o
                0x00000000800b3886                fdt_fd_new
 .text.fd_new   0x00000000800b393a        0xc build/kernel/components/dfs/dfs_v1/src/dfs.o
                0x00000000800b393a                fd_new
 .text.fd_get   0x00000000800b3946       0xb4 build/kernel/components/dfs/dfs_v1/src/dfs.o
                0x00000000800b3946                fd_get
 .text.fdt_fd_release
                0x00000000800b39fa       0xec build/kernel/components/dfs/dfs_v1/src/dfs.o
                0x00000000800b39fa                fdt_fd_release
 .text.fd_release
                0x00000000800b3ae6        0xe build/kernel/components/dfs/dfs_v1/src/dfs.o
                0x00000000800b3ae6                fd_release
 .text.fd_init  0x00000000800b3af4       0x1c build/kernel/components/dfs/dfs_v1/src/dfs.o
                0x00000000800b3af4                fd_init
 .text.dfs_subdir
                0x00000000800b3b10       0x54 build/kernel/components/dfs/dfs_v1/src/dfs.o
                0x00000000800b3b10                dfs_subdir
 .text.dfs_normalize_path
                0x00000000800b3b64      0x1ce build/kernel/components/dfs/dfs_v1/src/dfs.o
                0x00000000800b3b64                dfs_normalize_path
 .text.list_fd  0x00000000800b3d32      0x1ce build/kernel/components/dfs/dfs_v1/src/dfs.o
                0x00000000800b3d32                list_fd
 .text.dfs_vnode_find
                0x00000000800b3f00       0x8e build/kernel/components/dfs/dfs_v1/src/dfs_file.o
 .text.dfs_file_close.part.0
                0x00000000800b3f8e       0x90 build/kernel/components/dfs/dfs_v1/src/dfs_file.o
 .text.dfs_vnode_mgr_init
                0x00000000800b401e       0x3a build/kernel/components/dfs/dfs_v1/src/dfs_file.o
                0x00000000800b401e                dfs_vnode_mgr_init
 .text.dfs_file_open
                0x00000000800b4058      0x1f0 build/kernel/components/dfs/dfs_v1/src/dfs_file.o
                0x00000000800b4058                dfs_file_open
 .text.copyfile
                0x00000000800b4248      0x130 build/kernel/components/dfs/dfs_v1/src/dfs_file.o
 .text.dfs_file_close
                0x00000000800b4378       0x18 build/kernel/components/dfs/dfs_v1/src/dfs_file.o
                0x00000000800b4378                dfs_file_close
 .text.dfs_file_read
                0x00000000800b4390       0x36 build/kernel/components/dfs/dfs_v1/src/dfs_file.o
                0x00000000800b4390                dfs_file_read
 .text.dfs_file_getdents
                0x00000000800b43c6       0x22 build/kernel/components/dfs/dfs_v1/src/dfs_file.o
                0x00000000800b43c6                dfs_file_getdents
 .text.dfs_file_unlink
                0x00000000800b43e8       0xd2 build/kernel/components/dfs/dfs_v1/src/dfs_file.o
                0x00000000800b43e8                dfs_file_unlink
 .text.dfs_file_write
                0x00000000800b44ba       0x16 build/kernel/components/dfs/dfs_v1/src/dfs_file.o
                0x00000000800b44ba                dfs_file_write
 .text.dfs_file_lseek
                0x00000000800b44d0       0x2e build/kernel/components/dfs/dfs_v1/src/dfs_file.o
                0x00000000800b44d0                dfs_file_lseek
 .text.dfs_file_stat
                0x00000000800b44fe       0xd2 build/kernel/components/dfs/dfs_v1/src/dfs_file.o
                0x00000000800b44fe                dfs_file_stat
 .text.copydir  0x00000000800b45d0      0x148 build/kernel/components/dfs/dfs_v1/src/dfs_file.o
 .text.dfs_file_rename
                0x00000000800b4718       0xfc build/kernel/components/dfs/dfs_v1/src/dfs_file.o
                0x00000000800b4718                dfs_file_rename
 .text.ls       0x00000000800b4814      0x144 build/kernel/components/dfs/dfs_v1/src/dfs_file.o
                0x00000000800b4814                ls
 .text.cat      0x00000000800b4958       0xa8 build/kernel/components/dfs/dfs_v1/src/dfs_file.o
                0x00000000800b4958                cat
 .text.copy     0x00000000800b4a00      0x176 build/kernel/components/dfs/dfs_v1/src/dfs_file.o
                0x00000000800b4a00                copy
 .text.dfs_register
                0x00000000800b4b76       0x9a build/kernel/components/dfs/dfs_v1/src/dfs_fs.o
                0x00000000800b4b76                dfs_register
 .text.dfs_filesystem_lookup
                0x00000000800b4c10       0xc8 build/kernel/components/dfs/dfs_v1/src/dfs_fs.o
                0x00000000800b4c10                dfs_filesystem_lookup
 .text.dfs_mount
                0x00000000800b4cd8      0x1e8 build/kernel/components/dfs/dfs_v1/src/dfs_fs.o
                0x00000000800b4cd8                dfs_mount
 .text.dfs_unmount
                0x00000000800b4ec0       0xac build/kernel/components/dfs/dfs_v1/src/dfs_fs.o
                0x00000000800b4ec0                dfs_unmount
 .text.dfs_mkfs
                0x00000000800b4f6c      0x11a build/kernel/components/dfs/dfs_v1/src/dfs_fs.o
                0x00000000800b4f6c                dfs_mkfs
 .text.df       0x00000000800b5086       0xd2 build/kernel/components/dfs/dfs_v1/src/dfs_fs.o
                0x00000000800b5086                df
 .text.open     0x00000000800b5158       0x5e build/kernel/components/dfs/dfs_v1/src/dfs_posix.o
                0x00000000800b5158                open
 .text.close    0x00000000800b51b6       0x40 build/kernel/components/dfs/dfs_v1/src/dfs_posix.o
                0x00000000800b51b6                close
 .text.read     0x00000000800b51f6       0x3c build/kernel/components/dfs/dfs_v1/src/dfs_posix.o
                0x00000000800b51f6                read
 .text.write    0x00000000800b5232       0x3c build/kernel/components/dfs/dfs_v1/src/dfs_posix.o
                0x00000000800b5232                write
 .text.lseek    0x00000000800b526e       0x62 build/kernel/components/dfs/dfs_v1/src/dfs_posix.o
                0x00000000800b526e                lseek
 .text.rename   0x00000000800b52d0       0x1c build/kernel/components/dfs/dfs_v1/src/dfs_posix.o
                0x00000000800b52d0                rename
 .text.unlink   0x00000000800b52ec       0x1c build/kernel/components/dfs/dfs_v1/src/dfs_posix.o
                0x00000000800b52ec                unlink
 .text.stat     0x00000000800b5308       0x1e build/kernel/components/dfs/dfs_v1/src/dfs_posix.o
                0x00000000800b5308                stat
 .text.mkdir    0x00000000800b5326       0x66 build/kernel/components/dfs/dfs_v1/src/dfs_posix.o
                0x00000000800b5326                mkdir
 .text.rmdir    0x00000000800b538c       0x1c build/kernel/components/dfs/dfs_v1/src/dfs_posix.o
                0x00000000800b538c                rmdir
 .text.opendir  0x00000000800b53a8       0x94 build/kernel/components/dfs/dfs_v1/src/dfs_posix.o
                0x00000000800b53a8                opendir
 .text.readdir  0x00000000800b543c       0x74 build/kernel/components/dfs/dfs_v1/src/dfs_posix.o
                0x00000000800b543c                readdir
 .text.rewinddir
                0x00000000800b54b0       0x36 build/kernel/components/dfs/dfs_v1/src/dfs_posix.o
                0x00000000800b54b0                rewinddir
 .text.closedir
                0x00000000800b54e6       0x48 build/kernel/components/dfs/dfs_v1/src/dfs_posix.o
                0x00000000800b54e6                closedir
 .text.chdir    0x00000000800b552e       0x96 build/kernel/components/dfs/dfs_v1/src/dfs_posix.o
                0x00000000800b552e                chdir
 .text.getcwd   0x00000000800b55c4       0x32 build/kernel/components/dfs/dfs_v1/src/dfs_posix.o
                0x00000000800b55c4                getcwd
 .text.rt_device_register
                0x00000000800b55f6       0x4c build/kernel/components/drivers/core/device.o
                0x00000000800b55f6                rt_device_register
 .text.rt_device_find
                0x00000000800b5642        0x6 build/kernel/components/drivers/core/device.o
                0x00000000800b5642                rt_device_find
 .text.rt_device_open
                0x00000000800b5648      0x14a build/kernel/components/drivers/core/device.o
                0x00000000800b5648                rt_device_open
 .text.rt_device_close
                0x00000000800b5792       0x8e build/kernel/components/drivers/core/device.o
                0x00000000800b5792                rt_device_close
 .text.rt_device_read
                0x00000000800b5820       0xa8 build/kernel/components/drivers/core/device.o
                0x00000000800b5820                rt_device_read
 .text.rt_device_write
                0x00000000800b58c8       0xa8 build/kernel/components/drivers/core/device.o
                0x00000000800b58c8                rt_device_write
 .text.rt_device_control
                0x00000000800b5970       0x7a build/kernel/components/drivers/core/device.o
                0x00000000800b5970                rt_device_control
 .text.rt_device_set_rx_indicate
                0x00000000800b59ea       0x5a build/kernel/components/drivers/core/device.o
                0x00000000800b59ea                rt_device_set_rx_indicate
 .text.clock_cpu_setops
                0x00000000800b5a44       0x64 build/kernel/components/drivers/cputime/cputime.o
                0x00000000800b5a44                clock_cpu_setops
 .text.riscv_cputime_getres
                0x00000000800b5aa8        0x2 build/kernel/components/drivers/cputime/cputime_riscv.o
 .text.riscv_cputime_gettime
                0x00000000800b5aaa        0x6 build/kernel/components/drivers/cputime/cputime_riscv.o
 .text.riscv_cputime_init
                0x00000000800b5ab0       0x18 build/kernel/components/drivers/cputime/cputime_riscv.o
                0x00000000800b5ab0                riscv_cputime_init
 .text.rt_completion_done
                0x00000000800b5ac8        0x4 build/kernel/components/drivers/ipc/completion_comm.o
                0x00000000800b5ac8                rt_completion_done
 .text.rt_completion_wait
                0x00000000800b5acc        0x4 build/kernel/components/drivers/ipc/completion_comm.o
                0x00000000800b5acc                rt_completion_wait
 .text.rt_completion_init
                0x00000000800b5ad0       0x3a build/kernel/components/drivers/ipc/completion_up.o
                0x00000000800b5ad0                rt_completion_init
 .text.rt_completion_wait_flags
                0x00000000800b5b0a      0x224 build/kernel/components/drivers/ipc/completion_up.o
                0x00000000800b5b0a                rt_completion_wait_flags
 .text.rt_completion_wakeup_by_errno
                0x00000000800b5d2e       0x8c build/kernel/components/drivers/ipc/completion_up.o
                0x00000000800b5d2e                rt_completion_wakeup_by_errno
 .text.rt_data_queue_init
                0x00000000800b5dba       0xa0 build/kernel/components/drivers/ipc/dataqueue.o
                0x00000000800b5dba                rt_data_queue_init
 .text.rt_data_queue_push
                0x00000000800b5e5a      0x260 build/kernel/components/drivers/ipc/dataqueue.o
                0x00000000800b5e5a                rt_data_queue_push
 .text.rt_data_queue_peek
                0x00000000800b60ba       0xac build/kernel/components/drivers/ipc/dataqueue.o
                0x00000000800b60ba                rt_data_queue_peek
 .text.rt_data_queue_reset
                0x00000000800b6166       0x92 build/kernel/components/drivers/ipc/dataqueue.o
                0x00000000800b6166                rt_data_queue_reset
 .text.rt_data_queue_deinit
                0x00000000800b61f8       0x7a build/kernel/components/drivers/ipc/dataqueue.o
                0x00000000800b61f8                rt_data_queue_deinit
 .text.rt_data_queue_len
                0x00000000800b6272       0xb8 build/kernel/components/drivers/ipc/dataqueue.o
                0x00000000800b6272                rt_data_queue_len
 .text.rt_data_queue_pop
                0x00000000800b632a      0x2cc build/kernel/components/drivers/ipc/dataqueue.o
                0x00000000800b632a                rt_data_queue_pop
 .text._workqueue_thread_entry
                0x00000000800b65f6       0xa8 build/kernel/components/drivers/ipc/workqueue.o
 .text.rt_workqueue_create
                0x00000000800b669e       0x90 build/kernel/components/drivers/ipc/workqueue.o
                0x00000000800b669e                rt_workqueue_create
 .text.rt_work_sys_workqueue_init
                0x00000000800b672e       0x4e build/kernel/components/drivers/ipc/workqueue.o
 .text._pin_control
                0x00000000800b677c       0x4a build/kernel/components/drivers/pin/dev_pin.o
 .text._pin_write
                0x00000000800b67c6       0x5c build/kernel/components/drivers/pin/dev_pin.o
 .text._pin_read
                0x00000000800b6822       0x5a build/kernel/components/drivers/pin/dev_pin.o
 .text._pin_cmd_print_usage
                0x00000000800b687c       0xc2 build/kernel/components/drivers/pin/dev_pin.o
 .text._pin_cmd
                0x00000000800b693e      0x34e build/kernel/components/drivers/pin/dev_pin.o
 .text.rt_device_pin_register
                0x00000000800b6c8c       0x40 build/kernel/components/drivers/pin/dev_pin.o
                0x00000000800b6c8c                rt_device_pin_register
 .text._serial_fifo_calc_recved_len
                0x00000000800b6ccc       0x78 build/kernel/components/drivers/serial/dev_serial.o
 .text.rt_serial_control
                0x00000000800b6d44      0x110 build/kernel/components/drivers/serial/dev_serial.o
 .text.rt_serial_init
                0x00000000800b6e54       0x56 build/kernel/components/drivers/serial/dev_serial.o
 .text.rt_serial_open
                0x00000000800b6eaa      0x2c6 build/kernel/components/drivers/serial/dev_serial.o
 .text.rt_serial_write
                0x00000000800b7170      0x18a build/kernel/components/drivers/serial/dev_serial.o
 .text.rt_serial_read
                0x00000000800b72fa      0x2f4 build/kernel/components/drivers/serial/dev_serial.o
 .text.rt_serial_close
                0x00000000800b75ee      0x1a0 build/kernel/components/drivers/serial/dev_serial.o
 .text.rt_hw_serial_register
                0x00000000800b778e       0x6c build/kernel/components/drivers/serial/dev_serial.o
                0x00000000800b778e                rt_hw_serial_register
 .text.rt_hw_serial_isr
                0x00000000800b77fa      0x360 build/kernel/components/drivers/serial/dev_serial.o
                0x00000000800b77fa                rt_hw_serial_isr
 .text.clear    0x00000000800b7b5a       0x18 build/kernel/components/finsh/cmd.o
 .text.version  0x00000000800b7b72       0x10 build/kernel/components/finsh/cmd.o
 .text.list_get_next.part.0
                0x00000000800b7b82       0x86 build/kernel/components/finsh/cmd.o
 .text.list_thread
                0x00000000800b7c08      0x236 build/kernel/components/finsh/cmd.o
                0x00000000800b7c08                list_thread
 .text.list_sem
                0x00000000800b7e3e      0x148 build/kernel/components/finsh/cmd.o
                0x00000000800b7e3e                list_sem
 .text.list_event
                0x00000000800b7f86      0x146 build/kernel/components/finsh/cmd.o
                0x00000000800b7f86                list_event
 .text.list_mutex
                0x00000000800b80cc      0x160 build/kernel/components/finsh/cmd.o
                0x00000000800b80cc                list_mutex
 .text.list_mailbox
                0x00000000800b822c      0x156 build/kernel/components/finsh/cmd.o
                0x00000000800b822c                list_mailbox
 .text.list_msgqueue
                0x00000000800b8382      0x148 build/kernel/components/finsh/cmd.o
                0x00000000800b8382                list_msgqueue
 .text.list_mempool
                0x00000000800b84ca      0x15e build/kernel/components/finsh/cmd.o
                0x00000000800b84ca                list_mempool
 .text.list_timer
                0x00000000800b8628      0x164 build/kernel/components/finsh/cmd.o
                0x00000000800b8628                list_timer
 .text.list_device
                0x00000000800b878c      0x13a build/kernel/components/finsh/cmd.o
                0x00000000800b878c                list_device
 .text.cmd_list
                0x00000000800b88c6       0xa6 build/kernel/components/finsh/cmd.o
 .text.msh_help
                0x00000000800b896c       0x62 build/kernel/components/finsh/msh.o
 .text.cmd_ps   0x00000000800b89ce       0x10 build/kernel/components/finsh/msh.o
 .text.cmd_free
                0x00000000800b89de       0x58 build/kernel/components/finsh/msh.o
 .text.msh_get_cmd
                0x00000000800b8a36       0x6a build/kernel/components/finsh/msh.o
 .text.msh_get_cmd_opt
                0x00000000800b8aa0       0x82 build/kernel/components/finsh/msh.o
 .text.msh_auto_complete_path.part.0
                0x00000000800b8b22      0x25a build/kernel/components/finsh/msh.o
 .text.msh_exec
                0x00000000800b8d7c      0x1d8 build/kernel/components/finsh/msh.o
                0x00000000800b8d7c                msh_exec
 .text.msh_auto_complete
                0x00000000800b8f54      0x16e build/kernel/components/finsh/msh.o
                0x00000000800b8f54                msh_auto_complete
 .text.msh_opt_auto_complete
                0x00000000800b90c2      0x18a build/kernel/components/finsh/msh.o
                0x00000000800b90c2                msh_opt_auto_complete
 .text.msh_cmd_opt_id_get
                0x00000000800b924c       0x42 build/kernel/components/finsh/msh.o
                0x00000000800b924c                msh_cmd_opt_id_get
 .text.msh_opt_list_dump
                0x00000000800b928e       0x32 build/kernel/components/finsh/msh.o
                0x00000000800b928e                msh_opt_list_dump
 .text.cmd_ls   0x00000000800b92c0       0x2c build/kernel/components/finsh/msh_file.o
 .text.cmd_pwd  0x00000000800b92ec       0x20 build/kernel/components/finsh/msh_file.o
 .text.directory_delete_for_msh
                0x00000000800b930c      0x1a4 build/kernel/components/finsh/msh_file.o
 .text.cmd_rm   0x00000000800b94b0      0x16c build/kernel/components/finsh/msh_file.o
 .text.cmd_mkfs
                0x00000000800b961c       0x6e build/kernel/components/finsh/msh_file.o
 .text.cmd_mount
                0x00000000800b968a      0x10a build/kernel/components/finsh/msh_file.o
 .text.cmd_umount
                0x00000000800b9794       0x5c build/kernel/components/finsh/msh_file.o
 .text.cmd_tail
                0x00000000800b97f0      0x184 build/kernel/components/finsh/msh_file.o
 .text.cmd_cp   0x00000000800b9974       0x3c build/kernel/components/finsh/msh_file.o
 .text.cmd_mv   0x00000000800b99b0      0x102 build/kernel/components/finsh/msh_file.o
 .text.cmd_cat  0x00000000800b9ab2       0x64 build/kernel/components/finsh/msh_file.o
 .text.cmd_cd   0x00000000800b9b16       0x50 build/kernel/components/finsh/msh_file.o
 .text.cmd_mkdir
                0x00000000800b9b66       0x3a build/kernel/components/finsh/msh_file.o
 .text.cmd_df   0x00000000800b9ba0       0x62 build/kernel/components/finsh/msh_file.o
 .text.cmd_echo
                0x00000000800b9c02       0x98 build/kernel/components/finsh/msh_file.o
 .text.msh_exec_script
                0x00000000800b9c9a      0x1d4 build/kernel/components/finsh/msh_file.o
                0x00000000800b9c9a                msh_exec_script
 .text.msh_isint
                0x00000000800b9e6e       0x42 build/kernel/components/finsh/msh_parse.o
                0x00000000800b9e6e                msh_isint
 .text.finsh_rx_ind
                0x00000000800b9eb0       0x48 build/kernel/components/finsh/shell.o
 .text.finsh_get_prompt.part.0
                0x00000000800b9ef8       0x9e build/kernel/components/finsh/shell.o
 .text.finsh_system_init
                0x00000000800b9f96       0xc0 build/kernel/components/finsh/shell.o
                0x00000000800b9f96                finsh_system_init
 .text.finsh_get_prompt
                0x00000000800ba056       0x38 build/kernel/components/finsh/shell.o
                0x00000000800ba056                finsh_get_prompt
 .text.finsh_getchar
                0x00000000800ba08e       0x80 build/kernel/components/finsh/shell.o
                0x00000000800ba08e                finsh_getchar
 .text.finsh_set_device
                0x00000000800ba10e       0xca build/kernel/components/finsh/shell.o
                0x00000000800ba10e                finsh_set_device
 .text.finsh_thread_entry
                0x00000000800ba1d8      0x53e build/kernel/components/finsh/shell.o
 .text.rt_tick_get
                0x00000000800ba716       0x22 build/kernel/src/clock.o
                0x00000000800ba716                rt_tick_get
 .text.rt_tick_increase
                0x00000000800ba738       0x56 build/kernel/src/clock.o
                0x00000000800ba738                rt_tick_increase
 .text.rt_tick_from_millisecond
                0x00000000800ba78e        0xc build/kernel/src/clock.o
                0x00000000800ba78e                rt_tick_from_millisecond
 .text.rti_start
                0x00000000800ba79a        0x4 build/kernel/src/components.o
 .text.main_thread_entry
                0x00000000800ba79e       0x32 build/kernel/src/components.o
 .text.rti_end  0x00000000800ba7d0        0x4 build/kernel/src/components.o
 .text.rti_board_start
                0x00000000800ba7d4        0x4 build/kernel/src/components.o
 .text.rti_board_end
                0x00000000800ba7d8        0x4 build/kernel/src/components.o
 .text.rt_components_board_init
                0x00000000800ba7dc       0x30 build/kernel/src/components.o
                0x00000000800ba7dc                rt_components_board_init
 .text.rt_application_init
                0x00000000800ba80c       0x5a build/kernel/src/components.o
                0x00000000800ba80c                rt_application_init
 .text.entry    0x00000000800ba866       0x34 build/kernel/src/components.o
                0x00000000800ba866                entry
 .text.rt_spin_lock_init
                0x00000000800ba89a        0x2 build/kernel/src/cpu_up.o
                0x00000000800ba89a                rt_spin_lock_init
 .text.rt_spin_lock
                0x00000000800ba89c        0x4 build/kernel/src/cpu_up.o
                0x00000000800ba89c                rt_spin_lock
 .text.rt_spin_unlock
                0x00000000800ba8a0        0x6 build/kernel/src/cpu_up.o
                0x00000000800ba8a0                rt_spin_unlock
 .text.rt_spin_lock_irqsave
                0x00000000800ba8a6       0x1a build/kernel/src/cpu_up.o
                0x00000000800ba8a6                rt_spin_lock_irqsave
 .text.rt_spin_unlock_irqrestore
                0x00000000800ba8c0       0x1a build/kernel/src/cpu_up.o
                0x00000000800ba8c0                rt_spin_unlock_irqrestore
 .text.rt_cpu_self
                0x00000000800ba8da        0xa build/kernel/src/cpu_up.o
                0x00000000800ba8da                rt_cpu_self
 .text.rt_cpu_index
                0x00000000800ba8e4       0x10 build/kernel/src/cpu_up.o
                0x00000000800ba8e4                rt_cpu_index
 .text.rt_thread_defunct_enqueue
                0x00000000800ba8f4       0x3e build/kernel/src/defunct.o
                0x00000000800ba8f4                rt_thread_defunct_enqueue
 .text.rt_defunct_execute
                0x00000000800ba932       0xb2 build/kernel/src/defunct.o
                0x00000000800ba932                rt_defunct_execute
 .text.rt_thread_defunct_init
                0x00000000800ba9e4        0xc build/kernel/src/defunct.o
                0x00000000800ba9e4                rt_thread_defunct_init
 .text.idle_thread_entry
                0x00000000800ba9f0       0x2a build/kernel/src/idle.o
 .text.rt_thread_idle_init
                0x00000000800baa1a       0x68 build/kernel/src/idle.o
                0x00000000800baa1a                rt_thread_idle_init
 .text._rt_sem_take
                0x00000000800baa82      0x1e2 build/kernel/src/ipc.o
 .text.rt_susp_list_dequeue
                0x00000000800bac64       0x64 build/kernel/src/ipc.o
                0x00000000800bac64                rt_susp_list_dequeue
 .text._rt_mq_recv.constprop.0
                0x00000000800bacc8      0x30c build/kernel/src/ipc.o
 .text._rt_mq_send_wait.constprop.0
                0x00000000800bafd4      0x2e8 build/kernel/src/ipc.o
 .text.rt_susp_list_resume_all_irq
                0x00000000800bb2bc       0x42 build/kernel/src/ipc.o
                0x00000000800bb2bc                rt_susp_list_resume_all_irq
 .text.rt_susp_list_enqueue
                0x00000000800bb2fe       0xa8 build/kernel/src/ipc.o
                0x00000000800bb2fe                rt_susp_list_enqueue
 .text._rt_mutex_take
                0x00000000800bb3a6      0x57a build/kernel/src/ipc.o
 .text.rt_susp_list_print
                0x00000000800bb920       0x5e build/kernel/src/ipc.o
                0x00000000800bb920                rt_susp_list_print
 .text.rt_sem_init
                0x00000000800bb97e       0xa6 build/kernel/src/ipc.o
                0x00000000800bb97e                rt_sem_init
 .text.rt_sem_detach
                0x00000000800bba24       0xaa build/kernel/src/ipc.o
                0x00000000800bba24                rt_sem_detach
 .text.rt_sem_take
                0x00000000800bbace        0x6 build/kernel/src/ipc.o
                0x00000000800bbace                rt_sem_take
 .text.rt_sem_trytake
                0x00000000800bbad4        0x8 build/kernel/src/ipc.o
                0x00000000800bbad4                rt_sem_trytake
 .text.rt_sem_release
                0x00000000800bbadc       0xc6 build/kernel/src/ipc.o
                0x00000000800bbadc                rt_sem_release
 .text.rt_sem_control
                0x00000000800bbba2      0x128 build/kernel/src/ipc.o
                0x00000000800bbba2                rt_sem_control
 .text.rt_mutex_init
                0x00000000800bbcca       0x6a build/kernel/src/ipc.o
                0x00000000800bbcca                rt_mutex_init
 .text.rt_mutex_drop_thread
                0x00000000800bbd34      0x256 build/kernel/src/ipc.o
                0x00000000800bbd34                rt_mutex_drop_thread
 .text.rt_mutex_take
                0x00000000800bbf8a        0x6 build/kernel/src/ipc.o
                0x00000000800bbf8a                rt_mutex_take
 .text.rt_mutex_release
                0x00000000800bbf90      0x27e build/kernel/src/ipc.o
                0x00000000800bbf90                rt_mutex_release
 .text.rt_mq_create
                0x00000000800bc20e      0x104 build/kernel/src/ipc.o
                0x00000000800bc20e                rt_mq_create
 .text.rt_mq_send
                0x00000000800bc312        0x8 build/kernel/src/ipc.o
                0x00000000800bc312                rt_mq_send
 .text.rt_mq_recv
                0x00000000800bc31a        0x6 build/kernel/src/ipc.o
                0x00000000800bc31a                rt_mq_recv
 .text.rt_interrupt_enter
                0x00000000800bc320       0x32 build/kernel/src/irq.o
                0x00000000800bc320                rt_interrupt_enter
 .text.rt_interrupt_leave
                0x00000000800bc352       0x2c build/kernel/src/irq.o
                0x00000000800bc352                rt_interrupt_leave
 .text.rt_interrupt_get_nest
                0x00000000800bc37e       0x32 build/kernel/src/irq.o
                0x00000000800bc37e                rt_interrupt_get_nest
 .text.rt_strerror
                0x00000000800bc3b0       0x42 build/kernel/src/klibc/kerrno.o
                0x00000000800bc3b0                rt_strerror
 .text.rt_get_errno
                0x00000000800bc3f2       0x26 build/kernel/src/klibc/kerrno.o
                0x00000000800bc3f2                rt_get_errno
 .text.rt_set_errno
                0x00000000800bc418       0x2e build/kernel/src/klibc/kerrno.o
                0x00000000800bc418                rt_set_errno
 .text._rt_errno
                0x00000000800bc446       0x28 build/kernel/src/klibc/kerrno.o
                0x00000000800bc446                _rt_errno
 .text.print_number
                0x00000000800bc46e      0x2c6 build/kernel/src/klibc/kstdio.o
 .text.rt_vsnprintf
                0x00000000800bc734      0x4b0 build/kernel/src/klibc/kstdio.o
                0x00000000800bc734                rt_vsnprintf
 .text.rt_snprintf
                0x00000000800bcbe4       0x20 build/kernel/src/klibc/kstdio.o
                0x00000000800bcbe4                rt_snprintf
 .text.rt_sprintf
                0x00000000800bcc04       0x26 build/kernel/src/klibc/kstdio.o
                0x00000000800bcc04                rt_sprintf
 .text.rt_memset
                0x00000000800bcc2a       0x98 build/kernel/src/klibc/kstring.o
                0x00000000800bcc2a                rt_memset
 .text.rt_memcpy
                0x00000000800bccc2       0xb4 build/kernel/src/klibc/kstring.o